  Determining projects to restore...
  All projects are up-to-date for restore.
  Concert.Data.DTO -> C:\Concertbookingapp\Consert.Data.DTO\bin\Debug\net9.0\Concert.Data.DTO.dll
C:\Program Files\dotnet\sdk\9.0.101\Microsoft.Common.CurrentVersion.targets(2413,5): warning MSB3277: Found conflicts between different versions of "WinRT.Runtime" that could not be resolved. [C:\Concertbookingapp\Concert.MAUI\Concert.MAUI.csproj::TargetFramework=net9.0-windows10.0.19041.0]
C:\Program Files\dotnet\sdk\9.0.101\Microsoft.Common.CurrentVersion.targets(2413,5): warning MSB3277: There was a conflict between "WinRT.Runtime, Version=2.1.0.0, Culture=neutral, PublicKeyToken=99ea127f02d97709" and "WinRT.Runtime, Version=2.2.0.0, Culture=neutral, PublicKeyToken=99ea127f02d97709". [C:\Concertbookingapp\Concert.MAUI\Concert.MAUI.csproj::TargetFramework=net9.0-windows10.0.19041.0]
C:\Program Files\dotnet\sdk\9.0.101\Microsoft.Common.CurrentVersion.targets(2413,5): warning MSB3277:     "WinRT.Runtime, Version=2.1.0.0, Culture=neutral, PublicKeyToken=99ea127f02d97709" was chosen because it was primary and "WinRT.Runtime, Version=2.2.0.0, Culture=neutral, PublicKeyToken=99ea127f02d97709" was not. [C:\Concertbookingapp\Concert.MAUI\Concert.MAUI.csproj::TargetFramework=net9.0-windows10.0.19041.0]
C:\Program Files\dotnet\sdk\9.0.101\Microsoft.Common.CurrentVersion.targets(2413,5): warning MSB3277:     References which depend on "WinRT.Runtime, Version=2.1.0.0, Culture=neutral, PublicKeyToken=99ea127f02d97709" [C:\Users\MSI - GF63\.nuget\packages\microsoft.windows.sdk.net.ref\10.0.19041.54\lib\net8.0\WinRT.Runtime.dll]. [C:\Concertbookingapp\Concert.MAUI\Concert.MAUI.csproj::TargetFramework=net9.0-windows10.0.19041.0]
C:\Program Files\dotnet\sdk\9.0.101\Microsoft.Common.CurrentVersion.targets(2413,5): warning MSB3277:         C:\Users\MSI - GF63\.nuget\packages\microsoft.windows.sdk.net.ref\10.0.19041.54\lib\net8.0\WinRT.Runtime.dll [C:\Concertbookingapp\Concert.MAUI\Concert.MAUI.csproj::TargetFramework=net9.0-windows10.0.19041.0]
C:\Program Files\dotnet\sdk\9.0.101\Microsoft.Common.CurrentVersion.targets(2413,5): warning MSB3277:           Project file item includes which caused reference "C:\Users\MSI - GF63\.nuget\packages\microsoft.windows.sdk.net.ref\10.0.19041.54\lib\net8.0\WinRT.Runtime.dll". [C:\Concertbookingapp\Concert.MAUI\Concert.MAUI.csproj::TargetFramework=net9.0-windows10.0.19041.0]
C:\Program Files\dotnet\sdk\9.0.101\Microsoft.Common.CurrentVersion.targets(2413,5): warning MSB3277:             C:\Users\MSI - GF63\.nuget\packages\microsoft.windows.sdk.net.ref\10.0.19041.54\lib/net8.0/WinRT.Runtime.dll [C:\Concertbookingapp\Concert.MAUI\Concert.MAUI.csproj::TargetFramework=net9.0-windows10.0.19041.0]
C:\Program Files\dotnet\sdk\9.0.101\Microsoft.Common.CurrentVersion.targets(2413,5): warning MSB3277:     References which depend on or have been unified to "WinRT.Runtime, Version=2.2.0.0, Culture=neutral, PublicKeyToken=99ea127f02d97709" []. [C:\Concertbookingapp\Concert.MAUI\Concert.MAUI.csproj::TargetFramework=net9.0-windows10.0.19041.0]
C:\Program Files\dotnet\sdk\9.0.101\Microsoft.Common.CurrentVersion.targets(2413,5): warning MSB3277:         C:\Users\MSI - GF63\.nuget\packages\microsoft.web.webview2\1.0.2792.45\lib_manual\net6.0-windows10.0.17763.0\Microsoft.Web.WebView2.Core.Projection.dll [C:\Concertbookingapp\Concert.MAUI\Concert.MAUI.csproj::TargetFramework=net9.0-windows10.0.19041.0]
C:\Program Files\dotnet\sdk\9.0.101\Microsoft.Common.CurrentVersion.targets(2413,5): warning MSB3277:           Project file item includes which caused reference "C:\Users\MSI - GF63\.nuget\packages\microsoft.web.webview2\1.0.2792.45\lib_manual\net6.0-windows10.0.17763.0\Microsoft.Web.WebView2.Core.Projection.dll". [C:\Concertbookingapp\Concert.MAUI\Concert.MAUI.csproj::TargetFramework=net9.0-windows10.0.19041.0]
C:\Program Files\dotnet\sdk\9.0.101\Microsoft.Common.CurrentVersion.targets(2413,5): warning MSB3277:             C:\Users\MSI - GF63\.nuget\packages\microsoft.web.webview2\1.0.2792.45\buildTransitive\..\\lib_manual\net6.0-windows10.0.17763.0\Microsoft.Web.WebView2.Core.Projection.dll [C:\Concertbookingapp\Concert.MAUI\Concert.MAUI.csproj::TargetFramework=net9.0-windows10.0.19041.0]
C:\Program Files\dotnet\sdk\9.0.101\Microsoft.Common.CurrentVersion.targets(2413,5): warning MSB3277:             C:\Users\MSI - GF63\.nuget\packages\microsoft.maui.controls.core\9.0.40\lib\net9.0-windows10.0.19041\Microsoft.Maui.Controls.dll [C:\Concertbookingapp\Concert.MAUI\Concert.MAUI.csproj::TargetFramework=net9.0-windows10.0.19041.0]
C:\Program Files\dotnet\sdk\9.0.101\Microsoft.Common.CurrentVersion.targets(2413,5): warning MSB3277:             C:\Users\MSI - GF63\.nuget\packages\communitytoolkit.maui\11.0.0\lib\net9.0-windows10.0.19041\CommunityToolkit.Maui.dll [C:\Concertbookingapp\Concert.MAUI\Concert.MAUI.csproj::TargetFramework=net9.0-windows10.0.19041.0]
C:\Program Files\dotnet\sdk\9.0.101\Microsoft.Common.CurrentVersion.targets(2413,5): warning MSB3277:             C:\Users\MSI - GF63\.nuget\packages\microsoft.maui.controls.xaml\9.0.40\lib\net9.0-windows10.0.19041\Microsoft.Maui.Controls.Xaml.dll [C:\Concertbookingapp\Concert.MAUI\Concert.MAUI.csproj::TargetFramework=net9.0-windows10.0.19041.0]
C:\Program Files\dotnet\sdk\9.0.101\Microsoft.Common.CurrentVersion.targets(2413,5): warning MSB3277:             C:\Users\MSI - GF63\.nuget\packages\microsoft.maui.core\9.0.40\lib\net9.0-windows10.0.19041\Microsoft.Maui.dll [C:\Concertbookingapp\Concert.MAUI\Concert.MAUI.csproj::TargetFramework=net9.0-windows10.0.19041.0]
C:\Program Files\dotnet\sdk\9.0.101\Microsoft.Common.CurrentVersion.targets(2413,5): warning MSB3277:             C:\Users\MSI - GF63\.nuget\packages\communitytoolkit.maui.core\11.0.0\lib\net9.0-windows10.0.19041\CommunityToolkit.Maui.Core.dll [C:\Concertbookingapp\Concert.MAUI\Concert.MAUI.csproj::TargetFramework=net9.0-windows10.0.19041.0]
C:\Program Files\dotnet\sdk\9.0.101\Microsoft.Common.CurrentVersion.targets(2413,5): warning MSB3277:             C:\Users\MSI - GF63\.nuget\packages\microsoft.windowsappsdk\1.6.250108002\lib\net6.0-windows10.0.18362.0\Microsoft.WinUI.dll [C:\Concertbookingapp\Concert.MAUI\Concert.MAUI.csproj::TargetFramework=net9.0-windows10.0.19041.0]
C:\Program Files\dotnet\sdk\9.0.101\Microsoft.Common.CurrentVersion.targets(2413,5): warning MSB3277:             C:\Users\MSI - GF63\.nuget\packages\microsoft.graphics.win2d\1.2.0\lib\net6.0-windows10.0.19041.0\Microsoft.Graphics.Canvas.Interop.dll [C:\Concertbookingapp\Concert.MAUI\Concert.MAUI.csproj::TargetFramework=net9.0-windows10.0.19041.0]
C:\Program Files\dotnet\sdk\9.0.101\Microsoft.Common.CurrentVersion.targets(2413,5): warning MSB3277:             C:\Users\MSI - GF63\.nuget\packages\microsoft.maui.essentials\9.0.40\lib\net9.0-windows10.0.19041\Microsoft.Maui.Essentials.dll [C:\Concertbookingapp\Concert.MAUI\Concert.MAUI.csproj::TargetFramework=net9.0-windows10.0.19041.0]
C:\Program Files\dotnet\sdk\9.0.101\Microsoft.Common.CurrentVersion.targets(2413,5): warning MSB3277:             C:\Users\MSI - GF63\.nuget\packages\microsoft.maui.graphics\9.0.40\lib\net9.0-windows10.0.19041\Microsoft.Maui.Graphics.dll [C:\Concertbookingapp\Concert.MAUI\Concert.MAUI.csproj::TargetFramework=net9.0-windows10.0.19041.0]
C:\Program Files\dotnet\sdk\9.0.101\Microsoft.Common.CurrentVersion.targets(2413,5): warning MSB3277:             C:\Users\MSI - GF63\.nuget\packages\microsoft.maui.graphics.win2d.winui.desktop\9.0.40\lib\net9.0-windows10.0.19041\Microsoft.Maui.Graphics.Win2D.WinUI.Desktop.dll [C:\Concertbookingapp\Concert.MAUI\Concert.MAUI.csproj::TargetFramework=net9.0-windows10.0.19041.0]
C:\Program Files\dotnet\sdk\9.0.101\Microsoft.Common.CurrentVersion.targets(2413,5): warning MSB3277:         C:\Users\MSI - GF63\.nuget\packages\communitytoolkit.maui\11.0.0\lib\net9.0-windows10.0.19041\CommunityToolkit.Maui.dll [C:\Concertbookingapp\Concert.MAUI\Concert.MAUI.csproj::TargetFramework=net9.0-windows10.0.19041.0]
C:\Program Files\dotnet\sdk\9.0.101\Microsoft.Common.CurrentVersion.targets(2413,5): warning MSB3277:           Project file item includes which caused reference "C:\Users\MSI - GF63\.nuget\packages\communitytoolkit.maui\11.0.0\lib\net9.0-windows10.0.19041\CommunityToolkit.Maui.dll". [C:\Concertbookingapp\Concert.MAUI\Concert.MAUI.csproj::TargetFramework=net9.0-windows10.0.19041.0]
C:\Program Files\dotnet\sdk\9.0.101\Microsoft.Common.CurrentVersion.targets(2413,5): warning MSB3277:             C:\Users\MSI - GF63\.nuget\packages\communitytoolkit.maui\11.0.0\lib\net9.0-windows10.0.19041\CommunityToolkit.Maui.dll [C:\Concertbookingapp\Concert.MAUI\Concert.MAUI.csproj::TargetFramework=net9.0-windows10.0.19041.0]
C:\Program Files\dotnet\sdk\9.0.101\Microsoft.Common.CurrentVersion.targets(2413,5): warning MSB3277:         C:\Users\MSI - GF63\.nuget\packages\communitytoolkit.maui.core\11.0.0\lib\net9.0-windows10.0.19041\CommunityToolkit.Maui.Core.dll [C:\Concertbookingapp\Concert.MAUI\Concert.MAUI.csproj::TargetFramework=net9.0-windows10.0.19041.0]
C:\Program Files\dotnet\sdk\9.0.101\Microsoft.Common.CurrentVersion.targets(2413,5): warning MSB3277:           Project file item includes which caused reference "C:\Users\MSI - GF63\.nuget\packages\communitytoolkit.maui.core\11.0.0\lib\net9.0-windows10.0.19041\CommunityToolkit.Maui.Core.dll". [C:\Concertbookingapp\Concert.MAUI\Concert.MAUI.csproj::TargetFramework=net9.0-windows10.0.19041.0]
C:\Program Files\dotnet\sdk\9.0.101\Microsoft.Common.CurrentVersion.targets(2413,5): warning MSB3277:             C:\Users\MSI - GF63\.nuget\packages\communitytoolkit.maui.core\11.0.0\lib\net9.0-windows10.0.19041\CommunityToolkit.Maui.Core.dll [C:\Concertbookingapp\Concert.MAUI\Concert.MAUI.csproj::TargetFramework=net9.0-windows10.0.19041.0]
C:\Program Files\dotnet\sdk\9.0.101\Microsoft.Common.CurrentVersion.targets(2413,5): warning MSB3277:             C:\Users\MSI - GF63\.nuget\packages\communitytoolkit.maui\11.0.0\lib\net9.0-windows10.0.19041\CommunityToolkit.Maui.dll [C:\Concertbookingapp\Concert.MAUI\Concert.MAUI.csproj::TargetFramework=net9.0-windows10.0.19041.0]
C:\Program Files\dotnet\sdk\9.0.101\Microsoft.Common.CurrentVersion.targets(2413,5): warning MSB3277:         C:\Users\MSI - GF63\.nuget\packages\communitytoolkit.mvvm\8.4.0\lib\net8.0-windows10.0.17763\CommunityToolkit.Mvvm.dll [C:\Concertbookingapp\Concert.MAUI\Concert.MAUI.csproj::TargetFramework=net9.0-windows10.0.19041.0]
C:\Program Files\dotnet\sdk\9.0.101\Microsoft.Common.CurrentVersion.targets(2413,5): warning MSB3277:           Project file item includes which caused reference "C:\Users\MSI - GF63\.nuget\packages\communitytoolkit.mvvm\8.4.0\lib\net8.0-windows10.0.17763\CommunityToolkit.Mvvm.dll". [C:\Concertbookingapp\Concert.MAUI\Concert.MAUI.csproj::TargetFramework=net9.0-windows10.0.19041.0]
C:\Program Files\dotnet\sdk\9.0.101\Microsoft.Common.CurrentVersion.targets(2413,5): warning MSB3277:             C:\Users\MSI - GF63\.nuget\packages\communitytoolkit.mvvm\8.4.0\lib\net8.0-windows10.0.17763\CommunityToolkit.Mvvm.dll [C:\Concertbookingapp\Concert.MAUI\Concert.MAUI.csproj::TargetFramework=net9.0-windows10.0.19041.0]
C:\Program Files\dotnet\sdk\9.0.101\Microsoft.Common.CurrentVersion.targets(2413,5): warning MSB3277:         C:\Users\MSI - GF63\.nuget\packages\microsoft.graphics.win2d\1.2.0\lib\net6.0-windows10.0.19041.0\Microsoft.Graphics.Canvas.Interop.dll [C:\Concertbookingapp\Concert.MAUI\Concert.MAUI.csproj::TargetFramework=net9.0-windows10.0.19041.0]
C:\Program Files\dotnet\sdk\9.0.101\Microsoft.Common.CurrentVersion.targets(2413,5): warning MSB3277:           Project file item includes which caused reference "C:\Users\MSI - GF63\.nuget\packages\microsoft.graphics.win2d\1.2.0\lib\net6.0-windows10.0.19041.0\Microsoft.Graphics.Canvas.Interop.dll". [C:\Concertbookingapp\Concert.MAUI\Concert.MAUI.csproj::TargetFramework=net9.0-windows10.0.19041.0]
C:\Program Files\dotnet\sdk\9.0.101\Microsoft.Common.CurrentVersion.targets(2413,5): warning MSB3277:             C:\Users\MSI - GF63\.nuget\packages\microsoft.graphics.win2d\1.2.0\lib\net6.0-windows10.0.19041.0\Microsoft.Graphics.Canvas.Interop.dll [C:\Concertbookingapp\Concert.MAUI\Concert.MAUI.csproj::TargetFramework=net9.0-windows10.0.19041.0]
C:\Program Files\dotnet\sdk\9.0.101\Microsoft.Common.CurrentVersion.targets(2413,5): warning MSB3277:             C:\Users\MSI - GF63\.nuget\packages\communitytoolkit.maui.core\11.0.0\lib\net9.0-windows10.0.19041\CommunityToolkit.Maui.Core.dll [C:\Concertbookingapp\Concert.MAUI\Concert.MAUI.csproj::TargetFramework=net9.0-windows10.0.19041.0]
C:\Program Files\dotnet\sdk\9.0.101\Microsoft.Common.CurrentVersion.targets(2413,5): warning MSB3277:             C:\Users\MSI - GF63\.nuget\packages\communitytoolkit.maui\11.0.0\lib\net9.0-windows10.0.19041\CommunityToolkit.Maui.dll [C:\Concertbookingapp\Concert.MAUI\Concert.MAUI.csproj::TargetFramework=net9.0-windows10.0.19041.0]
C:\Program Files\dotnet\sdk\9.0.101\Microsoft.Common.CurrentVersion.targets(2413,5): warning MSB3277:             C:\Users\MSI - GF63\.nuget\packages\microsoft.maui.controls.core\9.0.40\lib\net9.0-windows10.0.19041\Microsoft.Maui.Controls.dll [C:\Concertbookingapp\Concert.MAUI\Concert.MAUI.csproj::TargetFramework=net9.0-windows10.0.19041.0]
C:\Program Files\dotnet\sdk\9.0.101\Microsoft.Common.CurrentVersion.targets(2413,5): warning MSB3277:             C:\Users\MSI - GF63\.nuget\packages\microsoft.maui.controls.xaml\9.0.40\lib\net9.0-windows10.0.19041\Microsoft.Maui.Controls.Xaml.dll [C:\Concertbookingapp\Concert.MAUI\Concert.MAUI.csproj::TargetFramework=net9.0-windows10.0.19041.0]
C:\Program Files\dotnet\sdk\9.0.101\Microsoft.Common.CurrentVersion.targets(2413,5): warning MSB3277:             C:\Users\MSI - GF63\.nuget\packages\microsoft.maui.core\9.0.40\lib\net9.0-windows10.0.19041\Microsoft.Maui.dll [C:\Concertbookingapp\Concert.MAUI\Concert.MAUI.csproj::TargetFramework=net9.0-windows10.0.19041.0]
C:\Program Files\dotnet\sdk\9.0.101\Microsoft.Common.CurrentVersion.targets(2413,5): warning MSB3277:             C:\Users\MSI - GF63\.nuget\packages\microsoft.maui.graphics\9.0.40\lib\net9.0-windows10.0.19041\Microsoft.Maui.Graphics.dll [C:\Concertbookingapp\Concert.MAUI\Concert.MAUI.csproj::TargetFramework=net9.0-windows10.0.19041.0]
C:\Program Files\dotnet\sdk\9.0.101\Microsoft.Common.CurrentVersion.targets(2413,5): warning MSB3277:             C:\Users\MSI - GF63\.nuget\packages\microsoft.maui.essentials\9.0.40\lib\net9.0-windows10.0.19041\Microsoft.Maui.Essentials.dll [C:\Concertbookingapp\Concert.MAUI\Concert.MAUI.csproj::TargetFramework=net9.0-windows10.0.19041.0]
C:\Program Files\dotnet\sdk\9.0.101\Microsoft.Common.CurrentVersion.targets(2413,5): warning MSB3277:             C:\Users\MSI - GF63\.nuget\packages\microsoft.maui.graphics.win2d.winui.desktop\9.0.40\lib\net9.0-windows10.0.19041\Microsoft.Maui.Graphics.Win2D.WinUI.Desktop.dll [C:\Concertbookingapp\Concert.MAUI\Concert.MAUI.csproj::TargetFramework=net9.0-windows10.0.19041.0]
C:\Program Files\dotnet\sdk\9.0.101\Microsoft.Common.CurrentVersion.targets(2413,5): warning MSB3277:         C:\Users\MSI - GF63\.nuget\packages\microsoft.maui.controls.core\9.0.40\lib\net9.0-windows10.0.19041\Microsoft.Maui.Controls.dll [C:\Concertbookingapp\Concert.MAUI\Concert.MAUI.csproj::TargetFramework=net9.0-windows10.0.19041.0]
C:\Program Files\dotnet\sdk\9.0.101\Microsoft.Common.CurrentVersion.targets(2413,5): warning MSB3277:           Project file item includes which caused reference "C:\Users\MSI - GF63\.nuget\packages\microsoft.maui.controls.core\9.0.40\lib\net9.0-windows10.0.19041\Microsoft.Maui.Controls.dll". [C:\Concertbookingapp\Concert.MAUI\Concert.MAUI.csproj::TargetFramework=net9.0-windows10.0.19041.0]
C:\Program Files\dotnet\sdk\9.0.101\Microsoft.Common.CurrentVersion.targets(2413,5): warning MSB3277:             C:\Users\MSI - GF63\.nuget\packages\microsoft.maui.controls.core\9.0.40\lib\net9.0-windows10.0.19041\Microsoft.Maui.Controls.dll [C:\Concertbookingapp\Concert.MAUI\Concert.MAUI.csproj::TargetFramework=net9.0-windows10.0.19041.0]
C:\Program Files\dotnet\sdk\9.0.101\Microsoft.Common.CurrentVersion.targets(2413,5): warning MSB3277:             C:\Users\MSI - GF63\.nuget\packages\communitytoolkit.maui\11.0.0\lib\net9.0-windows10.0.19041\CommunityToolkit.Maui.dll [C:\Concertbookingapp\Concert.MAUI\Concert.MAUI.csproj::TargetFramework=net9.0-windows10.0.19041.0]
C:\Program Files\dotnet\sdk\9.0.101\Microsoft.Common.CurrentVersion.targets(2413,5): warning MSB3277:             C:\Users\MSI - GF63\.nuget\packages\microsoft.maui.controls.xaml\9.0.40\lib\net9.0-windows10.0.19041\Microsoft.Maui.Controls.Xaml.dll [C:\Concertbookingapp\Concert.MAUI\Concert.MAUI.csproj::TargetFramework=net9.0-windows10.0.19041.0]
C:\Program Files\dotnet\sdk\9.0.101\Microsoft.Common.CurrentVersion.targets(2413,5): warning MSB3277:         C:\Users\MSI - GF63\.nuget\packages\microsoft.maui.controls.xaml\9.0.40\lib\net9.0-windows10.0.19041\Microsoft.Maui.Controls.Xaml.dll [C:\Concertbookingapp\Concert.MAUI\Concert.MAUI.csproj::TargetFramework=net9.0-windows10.0.19041.0]
C:\Program Files\dotnet\sdk\9.0.101\Microsoft.Common.CurrentVersion.targets(2413,5): warning MSB3277:           Project file item includes which caused reference "C:\Users\MSI - GF63\.nuget\packages\microsoft.maui.controls.xaml\9.0.40\lib\net9.0-windows10.0.19041\Microsoft.Maui.Controls.Xaml.dll". [C:\Concertbookingapp\Concert.MAUI\Concert.MAUI.csproj::TargetFramework=net9.0-windows10.0.19041.0]
C:\Program Files\dotnet\sdk\9.0.101\Microsoft.Common.CurrentVersion.targets(2413,5): warning MSB3277:             C:\Users\MSI - GF63\.nuget\packages\microsoft.maui.controls.xaml\9.0.40\lib\net9.0-windows10.0.19041\Microsoft.Maui.Controls.Xaml.dll [C:\Concertbookingapp\Concert.MAUI\Concert.MAUI.csproj::TargetFramework=net9.0-windows10.0.19041.0]
C:\Program Files\dotnet\sdk\9.0.101\Microsoft.Common.CurrentVersion.targets(2413,5): warning MSB3277:         C:\Users\MSI - GF63\.nuget\packages\microsoft.maui.core\9.0.40\lib\net9.0-windows10.0.19041\Microsoft.Maui.dll [C:\Concertbookingapp\Concert.MAUI\Concert.MAUI.csproj::TargetFramework=net9.0-windows10.0.19041.0]
C:\Program Files\dotnet\sdk\9.0.101\Microsoft.Common.CurrentVersion.targets(2413,5): warning MSB3277:           Project file item includes which caused reference "C:\Users\MSI - GF63\.nuget\packages\microsoft.maui.core\9.0.40\lib\net9.0-windows10.0.19041\Microsoft.Maui.dll". [C:\Concertbookingapp\Concert.MAUI\Concert.MAUI.csproj::TargetFramework=net9.0-windows10.0.19041.0]
C:\Program Files\dotnet\sdk\9.0.101\Microsoft.Common.CurrentVersion.targets(2413,5): warning MSB3277:             C:\Users\MSI - GF63\.nuget\packages\microsoft.maui.core\9.0.40\lib\net9.0-windows10.0.19041\Microsoft.Maui.dll [C:\Concertbookingapp\Concert.MAUI\Concert.MAUI.csproj::TargetFramework=net9.0-windows10.0.19041.0]
C:\Program Files\dotnet\sdk\9.0.101\Microsoft.Common.CurrentVersion.targets(2413,5): warning MSB3277:             C:\Users\MSI - GF63\.nuget\packages\communitytoolkit.maui\11.0.0\lib\net9.0-windows10.0.19041\CommunityToolkit.Maui.dll [C:\Concertbookingapp\Concert.MAUI\Concert.MAUI.csproj::TargetFramework=net9.0-windows10.0.19041.0]
C:\Program Files\dotnet\sdk\9.0.101\Microsoft.Common.CurrentVersion.targets(2413,5): warning MSB3277:             C:\Users\MSI - GF63\.nuget\packages\communitytoolkit.maui.core\11.0.0\lib\net9.0-windows10.0.19041\CommunityToolkit.Maui.Core.dll [C:\Concertbookingapp\Concert.MAUI\Concert.MAUI.csproj::TargetFramework=net9.0-windows10.0.19041.0]
C:\Program Files\dotnet\sdk\9.0.101\Microsoft.Common.CurrentVersion.targets(2413,5): warning MSB3277:             C:\Users\MSI - GF63\.nuget\packages\microsoft.maui.controls.core\9.0.40\lib\net9.0-windows10.0.19041\Microsoft.Maui.Controls.dll [C:\Concertbookingapp\Concert.MAUI\Concert.MAUI.csproj::TargetFramework=net9.0-windows10.0.19041.0]
C:\Program Files\dotnet\sdk\9.0.101\Microsoft.Common.CurrentVersion.targets(2413,5): warning MSB3277:             C:\Users\MSI - GF63\.nuget\packages\microsoft.maui.controls.xaml\9.0.40\lib\net9.0-windows10.0.19041\Microsoft.Maui.Controls.Xaml.dll [C:\Concertbookingapp\Concert.MAUI\Concert.MAUI.csproj::TargetFramework=net9.0-windows10.0.19041.0]
C:\Program Files\dotnet\sdk\9.0.101\Microsoft.Common.CurrentVersion.targets(2413,5): warning MSB3277:         C:\Users\MSI - GF63\.nuget\packages\microsoft.maui.essentials\9.0.40\lib\net9.0-windows10.0.19041\Microsoft.Maui.Essentials.dll [C:\Concertbookingapp\Concert.MAUI\Concert.MAUI.csproj::TargetFramework=net9.0-windows10.0.19041.0]
C:\Program Files\dotnet\sdk\9.0.101\Microsoft.Common.CurrentVersion.targets(2413,5): warning MSB3277:           Project file item includes which caused reference "C:\Users\MSI - GF63\.nuget\packages\microsoft.maui.essentials\9.0.40\lib\net9.0-windows10.0.19041\Microsoft.Maui.Essentials.dll". [C:\Concertbookingapp\Concert.MAUI\Concert.MAUI.csproj::TargetFramework=net9.0-windows10.0.19041.0]
C:\Program Files\dotnet\sdk\9.0.101\Microsoft.Common.CurrentVersion.targets(2413,5): warning MSB3277:             C:\Users\MSI - GF63\.nuget\packages\microsoft.maui.essentials\9.0.40\lib\net9.0-windows10.0.19041\Microsoft.Maui.Essentials.dll [C:\Concertbookingapp\Concert.MAUI\Concert.MAUI.csproj::TargetFramework=net9.0-windows10.0.19041.0]
C:\Program Files\dotnet\sdk\9.0.101\Microsoft.Common.CurrentVersion.targets(2413,5): warning MSB3277:             C:\Users\MSI - GF63\.nuget\packages\communitytoolkit.maui.core\11.0.0\lib\net9.0-windows10.0.19041\CommunityToolkit.Maui.Core.dll [C:\Concertbookingapp\Concert.MAUI\Concert.MAUI.csproj::TargetFramework=net9.0-windows10.0.19041.0]
C:\Program Files\dotnet\sdk\9.0.101\Microsoft.Common.CurrentVersion.targets(2413,5): warning MSB3277:             C:\Users\MSI - GF63\.nuget\packages\communitytoolkit.maui\11.0.0\lib\net9.0-windows10.0.19041\CommunityToolkit.Maui.dll [C:\Concertbookingapp\Concert.MAUI\Concert.MAUI.csproj::TargetFramework=net9.0-windows10.0.19041.0]
C:\Program Files\dotnet\sdk\9.0.101\Microsoft.Common.CurrentVersion.targets(2413,5): warning MSB3277:             C:\Users\MSI - GF63\.nuget\packages\microsoft.maui.controls.core\9.0.40\lib\net9.0-windows10.0.19041\Microsoft.Maui.Controls.dll [C:\Concertbookingapp\Concert.MAUI\Concert.MAUI.csproj::TargetFramework=net9.0-windows10.0.19041.0]
C:\Program Files\dotnet\sdk\9.0.101\Microsoft.Common.CurrentVersion.targets(2413,5): warning MSB3277:             C:\Users\MSI - GF63\.nuget\packages\microsoft.maui.controls.xaml\9.0.40\lib\net9.0-windows10.0.19041\Microsoft.Maui.Controls.Xaml.dll [C:\Concertbookingapp\Concert.MAUI\Concert.MAUI.csproj::TargetFramework=net9.0-windows10.0.19041.0]
C:\Program Files\dotnet\sdk\9.0.101\Microsoft.Common.CurrentVersion.targets(2413,5): warning MSB3277:             C:\Users\MSI - GF63\.nuget\packages\microsoft.maui.core\9.0.40\lib\net9.0-windows10.0.19041\Microsoft.Maui.dll [C:\Concertbookingapp\Concert.MAUI\Concert.MAUI.csproj::TargetFramework=net9.0-windows10.0.19041.0]
C:\Program Files\dotnet\sdk\9.0.101\Microsoft.Common.CurrentVersion.targets(2413,5): warning MSB3277:         C:\Users\MSI - GF63\.nuget\packages\microsoft.maui.graphics\9.0.40\lib\net9.0-windows10.0.19041\Microsoft.Maui.Graphics.dll [C:\Concertbookingapp\Concert.MAUI\Concert.MAUI.csproj::TargetFramework=net9.0-windows10.0.19041.0]
C:\Program Files\dotnet\sdk\9.0.101\Microsoft.Common.CurrentVersion.targets(2413,5): warning MSB3277:           Project file item includes which caused reference "C:\Users\MSI - GF63\.nuget\packages\microsoft.maui.graphics\9.0.40\lib\net9.0-windows10.0.19041\Microsoft.Maui.Graphics.dll". [C:\Concertbookingapp\Concert.MAUI\Concert.MAUI.csproj::TargetFramework=net9.0-windows10.0.19041.0]
C:\Program Files\dotnet\sdk\9.0.101\Microsoft.Common.CurrentVersion.targets(2413,5): warning MSB3277:             C:\Users\MSI - GF63\.nuget\packages\microsoft.maui.graphics\9.0.40\lib\net9.0-windows10.0.19041\Microsoft.Maui.Graphics.dll [C:\Concertbookingapp\Concert.MAUI\Concert.MAUI.csproj::TargetFramework=net9.0-windows10.0.19041.0]
C:\Program Files\dotnet\sdk\9.0.101\Microsoft.Common.CurrentVersion.targets(2413,5): warning MSB3277:             C:\Users\MSI - GF63\.nuget\packages\communitytoolkit.maui\11.0.0\lib\net9.0-windows10.0.19041\CommunityToolkit.Maui.dll [C:\Concertbookingapp\Concert.MAUI\Concert.MAUI.csproj::TargetFramework=net9.0-windows10.0.19041.0]
C:\Program Files\dotnet\sdk\9.0.101\Microsoft.Common.CurrentVersion.targets(2413,5): warning MSB3277:             C:\Users\MSI - GF63\.nuget\packages\communitytoolkit.maui.core\11.0.0\lib\net9.0-windows10.0.19041\CommunityToolkit.Maui.Core.dll [C:\Concertbookingapp\Concert.MAUI\Concert.MAUI.csproj::TargetFramework=net9.0-windows10.0.19041.0]
C:\Program Files\dotnet\sdk\9.0.101\Microsoft.Common.CurrentVersion.targets(2413,5): warning MSB3277:             C:\Users\MSI - GF63\.nuget\packages\microsoft.maui.controls.core\9.0.40\lib\net9.0-windows10.0.19041\Microsoft.Maui.Controls.dll [C:\Concertbookingapp\Concert.MAUI\Concert.MAUI.csproj::TargetFramework=net9.0-windows10.0.19041.0]
C:\Program Files\dotnet\sdk\9.0.101\Microsoft.Common.CurrentVersion.targets(2413,5): warning MSB3277:             C:\Users\MSI - GF63\.nuget\packages\microsoft.maui.controls.xaml\9.0.40\lib\net9.0-windows10.0.19041\Microsoft.Maui.Controls.Xaml.dll [C:\Concertbookingapp\Concert.MAUI\Concert.MAUI.csproj::TargetFramework=net9.0-windows10.0.19041.0]
C:\Program Files\dotnet\sdk\9.0.101\Microsoft.Common.CurrentVersion.targets(2413,5): warning MSB3277:             C:\Users\MSI - GF63\.nuget\packages\microsoft.maui.core\9.0.40\lib\net9.0-windows10.0.19041\Microsoft.Maui.dll [C:\Concertbookingapp\Concert.MAUI\Concert.MAUI.csproj::TargetFramework=net9.0-windows10.0.19041.0]
C:\Program Files\dotnet\sdk\9.0.101\Microsoft.Common.CurrentVersion.targets(2413,5): warning MSB3277:             C:\Users\MSI - GF63\.nuget\packages\microsoft.maui.essentials\9.0.40\lib\net9.0-windows10.0.19041\Microsoft.Maui.Essentials.dll [C:\Concertbookingapp\Concert.MAUI\Concert.MAUI.csproj::TargetFramework=net9.0-windows10.0.19041.0]
C:\Program Files\dotnet\sdk\9.0.101\Microsoft.Common.CurrentVersion.targets(2413,5): warning MSB3277:             C:\Users\MSI - GF63\.nuget\packages\microsoft.maui.graphics.win2d.winui.desktop\9.0.40\lib\net9.0-windows10.0.19041\Microsoft.Maui.Graphics.Win2D.WinUI.Desktop.dll [C:\Concertbookingapp\Concert.MAUI\Concert.MAUI.csproj::TargetFramework=net9.0-windows10.0.19041.0]
C:\Program Files\dotnet\sdk\9.0.101\Microsoft.Common.CurrentVersion.targets(2413,5): warning MSB3277:         C:\Users\MSI - GF63\.nuget\packages\microsoft.maui.graphics.win2d.winui.desktop\9.0.40\lib\net9.0-windows10.0.19041\Microsoft.Maui.Graphics.Win2D.WinUI.Desktop.dll [C:\Concertbookingapp\Concert.MAUI\Concert.MAUI.csproj::TargetFramework=net9.0-windows10.0.19041.0]
C:\Program Files\dotnet\sdk\9.0.101\Microsoft.Common.CurrentVersion.targets(2413,5): warning MSB3277:           Project file item includes which caused reference "C:\Users\MSI - GF63\.nuget\packages\microsoft.maui.graphics.win2d.winui.desktop\9.0.40\lib\net9.0-windows10.0.19041\Microsoft.Maui.Graphics.Win2D.WinUI.Desktop.dll". [C:\Concertbookingapp\Concert.MAUI\Concert.MAUI.csproj::TargetFramework=net9.0-windows10.0.19041.0]
C:\Program Files\dotnet\sdk\9.0.101\Microsoft.Common.CurrentVersion.targets(2413,5): warning MSB3277:             C:\Users\MSI - GF63\.nuget\packages\microsoft.maui.graphics.win2d.winui.desktop\9.0.40\lib\net9.0-windows10.0.19041\Microsoft.Maui.Graphics.Win2D.WinUI.Desktop.dll [C:\Concertbookingapp\Concert.MAUI\Concert.MAUI.csproj::TargetFramework=net9.0-windows10.0.19041.0]
C:\Program Files\dotnet\sdk\9.0.101\Microsoft.Common.CurrentVersion.targets(2413,5): warning MSB3277:             C:\Users\MSI - GF63\.nuget\packages\communitytoolkit.maui.core\11.0.0\lib\net9.0-windows10.0.19041\CommunityToolkit.Maui.Core.dll [C:\Concertbookingapp\Concert.MAUI\Concert.MAUI.csproj::TargetFramework=net9.0-windows10.0.19041.0]
C:\Program Files\dotnet\sdk\9.0.101\Microsoft.Common.CurrentVersion.targets(2413,5): warning MSB3277:             C:\Users\MSI - GF63\.nuget\packages\communitytoolkit.maui\11.0.0\lib\net9.0-windows10.0.19041\CommunityToolkit.Maui.dll [C:\Concertbookingapp\Concert.MAUI\Concert.MAUI.csproj::TargetFramework=net9.0-windows10.0.19041.0]
C:\Program Files\dotnet\sdk\9.0.101\Microsoft.Common.CurrentVersion.targets(2413,5): warning MSB3277:             C:\Users\MSI - GF63\.nuget\packages\microsoft.maui.controls.core\9.0.40\lib\net9.0-windows10.0.19041\Microsoft.Maui.Controls.dll [C:\Concertbookingapp\Concert.MAUI\Concert.MAUI.csproj::TargetFramework=net9.0-windows10.0.19041.0]
C:\Program Files\dotnet\sdk\9.0.101\Microsoft.Common.CurrentVersion.targets(2413,5): warning MSB3277:             C:\Users\MSI - GF63\.nuget\packages\microsoft.maui.controls.xaml\9.0.40\lib\net9.0-windows10.0.19041\Microsoft.Maui.Controls.Xaml.dll [C:\Concertbookingapp\Concert.MAUI\Concert.MAUI.csproj::TargetFramework=net9.0-windows10.0.19041.0]
C:\Program Files\dotnet\sdk\9.0.101\Microsoft.Common.CurrentVersion.targets(2413,5): warning MSB3277:             C:\Users\MSI - GF63\.nuget\packages\microsoft.maui.core\9.0.40\lib\net9.0-windows10.0.19041\Microsoft.Maui.dll [C:\Concertbookingapp\Concert.MAUI\Concert.MAUI.csproj::TargetFramework=net9.0-windows10.0.19041.0]
C:\Program Files\dotnet\sdk\9.0.101\Microsoft.Common.CurrentVersion.targets(2413,5): warning MSB3277:         C:\Users\MSI - GF63\.nuget\packages\microsoft.windowsappsdk\1.6.250108002\lib\net6.0-windows10.0.18362.0\Microsoft.InteractiveExperiences.Projection.dll [C:\Concertbookingapp\Concert.MAUI\Concert.MAUI.csproj::TargetFramework=net9.0-windows10.0.19041.0]
C:\Program Files\dotnet\sdk\9.0.101\Microsoft.Common.CurrentVersion.targets(2413,5): warning MSB3277:           Project file item includes which caused reference "C:\Users\MSI - GF63\.nuget\packages\microsoft.windowsappsdk\1.6.250108002\lib\net6.0-windows10.0.18362.0\Microsoft.InteractiveExperiences.Projection.dll". [C:\Concertbookingapp\Concert.MAUI\Concert.MAUI.csproj::TargetFramework=net9.0-windows10.0.19041.0]
C:\Program Files\dotnet\sdk\9.0.101\Microsoft.Common.CurrentVersion.targets(2413,5): warning MSB3277:             C:\Users\MSI - GF63\.nuget\packages\microsoft.windowsappsdk\1.6.250108002\lib\net6.0-windows10.0.18362.0\Microsoft.InteractiveExperiences.Projection.dll [C:\Concertbookingapp\Concert.MAUI\Concert.MAUI.csproj::TargetFramework=net9.0-windows10.0.19041.0]
C:\Program Files\dotnet\sdk\9.0.101\Microsoft.Common.CurrentVersion.targets(2413,5): warning MSB3277:             C:\Users\MSI - GF63\.nuget\packages\communitytoolkit.maui\11.0.0\lib\net9.0-windows10.0.19041\CommunityToolkit.Maui.dll [C:\Concertbookingapp\Concert.MAUI\Concert.MAUI.csproj::TargetFramework=net9.0-windows10.0.19041.0]
C:\Program Files\dotnet\sdk\9.0.101\Microsoft.Common.CurrentVersion.targets(2413,5): warning MSB3277:             C:\Users\MSI - GF63\.nuget\packages\communitytoolkit.maui.core\11.0.0\lib\net9.0-windows10.0.19041\CommunityToolkit.Maui.Core.dll [C:\Concertbookingapp\Concert.MAUI\Concert.MAUI.csproj::TargetFramework=net9.0-windows10.0.19041.0]
C:\Program Files\dotnet\sdk\9.0.101\Microsoft.Common.CurrentVersion.targets(2413,5): warning MSB3277:             C:\Users\MSI - GF63\.nuget\packages\microsoft.graphics.win2d\1.2.0\lib\net6.0-windows10.0.19041.0\Microsoft.Graphics.Canvas.Interop.dll [C:\Concertbookingapp\Concert.MAUI\Concert.MAUI.csproj::TargetFramework=net9.0-windows10.0.19041.0]
C:\Program Files\dotnet\sdk\9.0.101\Microsoft.Common.CurrentVersion.targets(2413,5): warning MSB3277:             C:\Users\MSI - GF63\.nuget\packages\microsoft.maui.controls.core\9.0.40\lib\net9.0-windows10.0.19041\Microsoft.Maui.Controls.dll [C:\Concertbookingapp\Concert.MAUI\Concert.MAUI.csproj::TargetFramework=net9.0-windows10.0.19041.0]
C:\Program Files\dotnet\sdk\9.0.101\Microsoft.Common.CurrentVersion.targets(2413,5): warning MSB3277:             C:\Users\MSI - GF63\.nuget\packages\microsoft.maui.controls.xaml\9.0.40\lib\net9.0-windows10.0.19041\Microsoft.Maui.Controls.Xaml.dll [C:\Concertbookingapp\Concert.MAUI\Concert.MAUI.csproj::TargetFramework=net9.0-windows10.0.19041.0]
C:\Program Files\dotnet\sdk\9.0.101\Microsoft.Common.CurrentVersion.targets(2413,5): warning MSB3277:             C:\Users\MSI - GF63\.nuget\packages\microsoft.maui.core\9.0.40\lib\net9.0-windows10.0.19041\Microsoft.Maui.dll [C:\Concertbookingapp\Concert.MAUI\Concert.MAUI.csproj::TargetFramework=net9.0-windows10.0.19041.0]
C:\Program Files\dotnet\sdk\9.0.101\Microsoft.Common.CurrentVersion.targets(2413,5): warning MSB3277:             C:\Users\MSI - GF63\.nuget\packages\microsoft.maui.essentials\9.0.40\lib\net9.0-windows10.0.19041\Microsoft.Maui.Essentials.dll [C:\Concertbookingapp\Concert.MAUI\Concert.MAUI.csproj::TargetFramework=net9.0-windows10.0.19041.0]
C:\Program Files\dotnet\sdk\9.0.101\Microsoft.Common.CurrentVersion.targets(2413,5): warning MSB3277:             C:\Users\MSI - GF63\.nuget\packages\microsoft.maui.graphics\9.0.40\lib\net9.0-windows10.0.19041\Microsoft.Maui.Graphics.dll [C:\Concertbookingapp\Concert.MAUI\Concert.MAUI.csproj::TargetFramework=net9.0-windows10.0.19041.0]
C:\Program Files\dotnet\sdk\9.0.101\Microsoft.Common.CurrentVersion.targets(2413,5): warning MSB3277:             C:\Users\MSI - GF63\.nuget\packages\microsoft.maui.graphics.win2d.winui.desktop\9.0.40\lib\net9.0-windows10.0.19041\Microsoft.Maui.Graphics.Win2D.WinUI.Desktop.dll [C:\Concertbookingapp\Concert.MAUI\Concert.MAUI.csproj::TargetFramework=net9.0-windows10.0.19041.0]
C:\Program Files\dotnet\sdk\9.0.101\Microsoft.Common.CurrentVersion.targets(2413,5): warning MSB3277:             C:\Users\MSI - GF63\.nuget\packages\microsoft.windowsappsdk\1.6.250108002\lib\net6.0-windows10.0.18362.0\Microsoft.WinUI.dll [C:\Concertbookingapp\Concert.MAUI\Concert.MAUI.csproj::TargetFramework=net9.0-windows10.0.19041.0]
C:\Program Files\dotnet\sdk\9.0.101\Microsoft.Common.CurrentVersion.targets(2413,5): warning MSB3277:         C:\Users\MSI - GF63\.nuget\packages\microsoft.windowsappsdk\1.6.250108002\lib\net6.0-windows10.0.18362.0\Microsoft.WinUI.dll [C:\Concertbookingapp\Concert.MAUI\Concert.MAUI.csproj::TargetFramework=net9.0-windows10.0.19041.0]
C:\Program Files\dotnet\sdk\9.0.101\Microsoft.Common.CurrentVersion.targets(2413,5): warning MSB3277:           Project file item includes which caused reference "C:\Users\MSI - GF63\.nuget\packages\microsoft.windowsappsdk\1.6.250108002\lib\net6.0-windows10.0.18362.0\Microsoft.WinUI.dll". [C:\Concertbookingapp\Concert.MAUI\Concert.MAUI.csproj::TargetFramework=net9.0-windows10.0.19041.0]
C:\Program Files\dotnet\sdk\9.0.101\Microsoft.Common.CurrentVersion.targets(2413,5): warning MSB3277:             C:\Users\MSI - GF63\.nuget\packages\microsoft.windowsappsdk\1.6.250108002\lib\net6.0-windows10.0.18362.0\Microsoft.WinUI.dll [C:\Concertbookingapp\Concert.MAUI\Concert.MAUI.csproj::TargetFramework=net9.0-windows10.0.19041.0]
C:\Program Files\dotnet\sdk\9.0.101\Microsoft.Common.CurrentVersion.targets(2413,5): warning MSB3277:             C:\Users\MSI - GF63\.nuget\packages\communitytoolkit.maui\11.0.0\lib\net9.0-windows10.0.19041\CommunityToolkit.Maui.dll [C:\Concertbookingapp\Concert.MAUI\Concert.MAUI.csproj::TargetFramework=net9.0-windows10.0.19041.0]
C:\Program Files\dotnet\sdk\9.0.101\Microsoft.Common.CurrentVersion.targets(2413,5): warning MSB3277:             C:\Users\MSI - GF63\.nuget\packages\communitytoolkit.maui.core\11.0.0\lib\net9.0-windows10.0.19041\CommunityToolkit.Maui.Core.dll [C:\Concertbookingapp\Concert.MAUI\Concert.MAUI.csproj::TargetFramework=net9.0-windows10.0.19041.0]
C:\Program Files\dotnet\sdk\9.0.101\Microsoft.Common.CurrentVersion.targets(2413,5): warning MSB3277:             C:\Users\MSI - GF63\.nuget\packages\microsoft.graphics.win2d\1.2.0\lib\net6.0-windows10.0.19041.0\Microsoft.Graphics.Canvas.Interop.dll [C:\Concertbookingapp\Concert.MAUI\Concert.MAUI.csproj::TargetFramework=net9.0-windows10.0.19041.0]
C:\Program Files\dotnet\sdk\9.0.101\Microsoft.Common.CurrentVersion.targets(2413,5): warning MSB3277:             C:\Users\MSI - GF63\.nuget\packages\microsoft.maui.controls.core\9.0.40\lib\net9.0-windows10.0.19041\Microsoft.Maui.Controls.dll [C:\Concertbookingapp\Concert.MAUI\Concert.MAUI.csproj::TargetFramework=net9.0-windows10.0.19041.0]
C:\Program Files\dotnet\sdk\9.0.101\Microsoft.Common.CurrentVersion.targets(2413,5): warning MSB3277:             C:\Users\MSI - GF63\.nuget\packages\microsoft.maui.controls.xaml\9.0.40\lib\net9.0-windows10.0.19041\Microsoft.Maui.Controls.Xaml.dll [C:\Concertbookingapp\Concert.MAUI\Concert.MAUI.csproj::TargetFramework=net9.0-windows10.0.19041.0]
C:\Program Files\dotnet\sdk\9.0.101\Microsoft.Common.CurrentVersion.targets(2413,5): warning MSB3277:             C:\Users\MSI - GF63\.nuget\packages\microsoft.maui.core\9.0.40\lib\net9.0-windows10.0.19041\Microsoft.Maui.dll [C:\Concertbookingapp\Concert.MAUI\Concert.MAUI.csproj::TargetFramework=net9.0-windows10.0.19041.0]
C:\Program Files\dotnet\sdk\9.0.101\Microsoft.Common.CurrentVersion.targets(2413,5): warning MSB3277:             C:\Users\MSI - GF63\.nuget\packages\microsoft.maui.essentials\9.0.40\lib\net9.0-windows10.0.19041\Microsoft.Maui.Essentials.dll [C:\Concertbookingapp\Concert.MAUI\Concert.MAUI.csproj::TargetFramework=net9.0-windows10.0.19041.0]
C:\Program Files\dotnet\sdk\9.0.101\Microsoft.Common.CurrentVersion.targets(2413,5): warning MSB3277:             C:\Users\MSI - GF63\.nuget\packages\microsoft.maui.graphics\9.0.40\lib\net9.0-windows10.0.19041\Microsoft.Maui.Graphics.dll [C:\Concertbookingapp\Concert.MAUI\Concert.MAUI.csproj::TargetFramework=net9.0-windows10.0.19041.0]
C:\Program Files\dotnet\sdk\9.0.101\Microsoft.Common.CurrentVersion.targets(2413,5): warning MSB3277:             C:\Users\MSI - GF63\.nuget\packages\microsoft.maui.graphics.win2d.winui.desktop\9.0.40\lib\net9.0-windows10.0.19041\Microsoft.Maui.Graphics.Win2D.WinUI.Desktop.dll [C:\Concertbookingapp\Concert.MAUI\Concert.MAUI.csproj::TargetFramework=net9.0-windows10.0.19041.0]
C:\Program Files\dotnet\sdk\9.0.101\Microsoft.Common.CurrentVersion.targets(2413,5): warning MSB3277:         C:\Users\MSI - GF63\.nuget\packages\microsoft.windowsappsdk\1.6.250108002\lib\net6.0-windows10.0.18362.0\Microsoft.Windows.AppLifecycle.Projection.dll [C:\Concertbookingapp\Concert.MAUI\Concert.MAUI.csproj::TargetFramework=net9.0-windows10.0.19041.0]
C:\Program Files\dotnet\sdk\9.0.101\Microsoft.Common.CurrentVersion.targets(2413,5): warning MSB3277:           Project file item includes which caused reference "C:\Users\MSI - GF63\.nuget\packages\microsoft.windowsappsdk\1.6.250108002\lib\net6.0-windows10.0.18362.0\Microsoft.Windows.AppLifecycle.Projection.dll". [C:\Concertbookingapp\Concert.MAUI\Concert.MAUI.csproj::TargetFramework=net9.0-windows10.0.19041.0]
C:\Program Files\dotnet\sdk\9.0.101\Microsoft.Common.CurrentVersion.targets(2413,5): warning MSB3277:             C:\Users\MSI - GF63\.nuget\packages\microsoft.windowsappsdk\1.6.250108002\lib\net6.0-windows10.0.18362.0\Microsoft.Windows.AppLifecycle.Projection.dll [C:\Concertbookingapp\Concert.MAUI\Concert.MAUI.csproj::TargetFramework=net9.0-windows10.0.19041.0]
C:\Program Files\dotnet\sdk\9.0.101\Microsoft.Common.CurrentVersion.targets(2413,5): warning MSB3277:         C:\Users\MSI - GF63\.nuget\packages\microsoft.windowsappsdk\1.6.250108002\lib\net6.0-windows10.0.18362.0\Microsoft.Windows.AppNotifications.Builder.Projection.dll [C:\Concertbookingapp\Concert.MAUI\Concert.MAUI.csproj::TargetFramework=net9.0-windows10.0.19041.0]
C:\Program Files\dotnet\sdk\9.0.101\Microsoft.Common.CurrentVersion.targets(2413,5): warning MSB3277:           Project file item includes which caused reference "C:\Users\MSI - GF63\.nuget\packages\microsoft.windowsappsdk\1.6.250108002\lib\net6.0-windows10.0.18362.0\Microsoft.Windows.AppNotifications.Builder.Projection.dll". [C:\Concertbookingapp\Concert.MAUI\Concert.MAUI.csproj::TargetFramework=net9.0-windows10.0.19041.0]
C:\Program Files\dotnet\sdk\9.0.101\Microsoft.Common.CurrentVersion.targets(2413,5): warning MSB3277:             C:\Users\MSI - GF63\.nuget\packages\microsoft.windowsappsdk\1.6.250108002\lib\net6.0-windows10.0.18362.0\Microsoft.Windows.AppNotifications.Builder.Projection.dll [C:\Concertbookingapp\Concert.MAUI\Concert.MAUI.csproj::TargetFramework=net9.0-windows10.0.19041.0]
C:\Program Files\dotnet\sdk\9.0.101\Microsoft.Common.CurrentVersion.targets(2413,5): warning MSB3277:             C:\Users\MSI - GF63\.nuget\packages\communitytoolkit.maui\11.0.0\lib\net9.0-windows10.0.19041\CommunityToolkit.Maui.dll [C:\Concertbookingapp\Concert.MAUI\Concert.MAUI.csproj::TargetFramework=net9.0-windows10.0.19041.0]
C:\Program Files\dotnet\sdk\9.0.101\Microsoft.Common.CurrentVersion.targets(2413,5): warning MSB3277:         C:\Users\MSI - GF63\.nuget\packages\microsoft.windowsappsdk\1.6.250108002\lib\net6.0-windows10.0.18362.0\Microsoft.Windows.AppNotifications.Projection.dll [C:\Concertbookingapp\Concert.MAUI\Concert.MAUI.csproj::TargetFramework=net9.0-windows10.0.19041.0]
C:\Program Files\dotnet\sdk\9.0.101\Microsoft.Common.CurrentVersion.targets(2413,5): warning MSB3277:           Project file item includes which caused reference "C:\Users\MSI - GF63\.nuget\packages\microsoft.windowsappsdk\1.6.250108002\lib\net6.0-windows10.0.18362.0\Microsoft.Windows.AppNotifications.Projection.dll". [C:\Concertbookingapp\Concert.MAUI\Concert.MAUI.csproj::TargetFramework=net9.0-windows10.0.19041.0]
C:\Program Files\dotnet\sdk\9.0.101\Microsoft.Common.CurrentVersion.targets(2413,5): warning MSB3277:             C:\Users\MSI - GF63\.nuget\packages\microsoft.windowsappsdk\1.6.250108002\lib\net6.0-windows10.0.18362.0\Microsoft.Windows.AppNotifications.Projection.dll [C:\Concertbookingapp\Concert.MAUI\Concert.MAUI.csproj::TargetFramework=net9.0-windows10.0.19041.0]
C:\Program Files\dotnet\sdk\9.0.101\Microsoft.Common.CurrentVersion.targets(2413,5): warning MSB3277:             C:\Users\MSI - GF63\.nuget\packages\communitytoolkit.maui\11.0.0\lib\net9.0-windows10.0.19041\CommunityToolkit.Maui.dll [C:\Concertbookingapp\Concert.MAUI\Concert.MAUI.csproj::TargetFramework=net9.0-windows10.0.19041.0]
C:\Program Files\dotnet\sdk\9.0.101\Microsoft.Common.CurrentVersion.targets(2413,5): warning MSB3277:             C:\Users\MSI - GF63\.nuget\packages\microsoft.windowsappsdk\1.6.250108002\lib\net6.0-windows10.0.18362.0\Microsoft.Windows.AppNotifications.Builder.Projection.dll [C:\Concertbookingapp\Concert.MAUI\Concert.MAUI.csproj::TargetFramework=net9.0-windows10.0.19041.0]
C:\Program Files\dotnet\sdk\9.0.101\Microsoft.Common.CurrentVersion.targets(2413,5): warning MSB3277:         C:\Users\MSI - GF63\.nuget\packages\microsoft.windowsappsdk\1.6.250108002\lib\net6.0-windows10.0.18362.0\Microsoft.Windows.ApplicationModel.DynamicDependency.Projection.dll [C:\Concertbookingapp\Concert.MAUI\Concert.MAUI.csproj::TargetFramework=net9.0-windows10.0.19041.0]
C:\Program Files\dotnet\sdk\9.0.101\Microsoft.Common.CurrentVersion.targets(2413,5): warning MSB3277:           Project file item includes which caused reference "C:\Users\MSI - GF63\.nuget\packages\microsoft.windowsappsdk\1.6.250108002\lib\net6.0-windows10.0.18362.0\Microsoft.Windows.ApplicationModel.DynamicDependency.Projection.dll". [C:\Concertbookingapp\Concert.MAUI\Concert.MAUI.csproj::TargetFramework=net9.0-windows10.0.19041.0]
C:\Program Files\dotnet\sdk\9.0.101\Microsoft.Common.CurrentVersion.targets(2413,5): warning MSB3277:             C:\Users\MSI - GF63\.nuget\packages\microsoft.windowsappsdk\1.6.250108002\lib\net6.0-windows10.0.18362.0\Microsoft.Windows.ApplicationModel.DynamicDependency.Projection.dll [C:\Concertbookingapp\Concert.MAUI\Concert.MAUI.csproj::TargetFramework=net9.0-windows10.0.19041.0]
C:\Program Files\dotnet\sdk\9.0.101\Microsoft.Common.CurrentVersion.targets(2413,5): warning MSB3277:             C:\Users\MSI - GF63\.nuget\packages\microsoft.windowsappsdk\1.6.250108002\lib\net6.0-windows10.0.18362.0\Microsoft.Windows.Management.Deployment.Projection.dll [C:\Concertbookingapp\Concert.MAUI\Concert.MAUI.csproj::TargetFramework=net9.0-windows10.0.19041.0]
C:\Program Files\dotnet\sdk\9.0.101\Microsoft.Common.CurrentVersion.targets(2413,5): warning MSB3277:         C:\Users\MSI - GF63\.nuget\packages\microsoft.windowsappsdk\1.6.250108002\lib\net6.0-windows10.0.18362.0\Microsoft.Windows.ApplicationModel.Resources.Projection.dll [C:\Concertbookingapp\Concert.MAUI\Concert.MAUI.csproj::TargetFramework=net9.0-windows10.0.19041.0]
C:\Program Files\dotnet\sdk\9.0.101\Microsoft.Common.CurrentVersion.targets(2413,5): warning MSB3277:           Project file item includes which caused reference "C:\Users\MSI - GF63\.nuget\packages\microsoft.windowsappsdk\1.6.250108002\lib\net6.0-windows10.0.18362.0\Microsoft.Windows.ApplicationModel.Resources.Projection.dll". [C:\Concertbookingapp\Concert.MAUI\Concert.MAUI.csproj::TargetFramework=net9.0-windows10.0.19041.0]
C:\Program Files\dotnet\sdk\9.0.101\Microsoft.Common.CurrentVersion.targets(2413,5): warning MSB3277:             C:\Users\MSI - GF63\.nuget\packages\microsoft.windowsappsdk\1.6.250108002\lib\net6.0-windows10.0.18362.0\Microsoft.Windows.ApplicationModel.Resources.Projection.dll [C:\Concertbookingapp\Concert.MAUI\Concert.MAUI.csproj::TargetFramework=net9.0-windows10.0.19041.0]
C:\Program Files\dotnet\sdk\9.0.101\Microsoft.Common.CurrentVersion.targets(2413,5): warning MSB3277:             C:\Users\MSI - GF63\.nuget\packages\microsoft.windowsappsdk\1.6.250108002\lib\net6.0-windows10.0.18362.0\Microsoft.WinUI.dll [C:\Concertbookingapp\Concert.MAUI\Concert.MAUI.csproj::TargetFramework=net9.0-windows10.0.19041.0]
C:\Program Files\dotnet\sdk\9.0.101\Microsoft.Common.CurrentVersion.targets(2413,5): warning MSB3277:             C:\Users\MSI - GF63\.nuget\packages\communitytoolkit.maui\11.0.0\lib\net9.0-windows10.0.19041\CommunityToolkit.Maui.dll [C:\Concertbookingapp\Concert.MAUI\Concert.MAUI.csproj::TargetFramework=net9.0-windows10.0.19041.0]
C:\Program Files\dotnet\sdk\9.0.101\Microsoft.Common.CurrentVersion.targets(2413,5): warning MSB3277:             C:\Users\MSI - GF63\.nuget\packages\communitytoolkit.maui.core\11.0.0\lib\net9.0-windows10.0.19041\CommunityToolkit.Maui.Core.dll [C:\Concertbookingapp\Concert.MAUI\Concert.MAUI.csproj::TargetFramework=net9.0-windows10.0.19041.0]
C:\Program Files\dotnet\sdk\9.0.101\Microsoft.Common.CurrentVersion.targets(2413,5): warning MSB3277:             C:\Users\MSI - GF63\.nuget\packages\microsoft.graphics.win2d\1.2.0\lib\net6.0-windows10.0.19041.0\Microsoft.Graphics.Canvas.Interop.dll [C:\Concertbookingapp\Concert.MAUI\Concert.MAUI.csproj::TargetFramework=net9.0-windows10.0.19041.0]
C:\Program Files\dotnet\sdk\9.0.101\Microsoft.Common.CurrentVersion.targets(2413,5): warning MSB3277:             C:\Users\MSI - GF63\.nuget\packages\microsoft.maui.controls.core\9.0.40\lib\net9.0-windows10.0.19041\Microsoft.Maui.Controls.dll [C:\Concertbookingapp\Concert.MAUI\Concert.MAUI.csproj::TargetFramework=net9.0-windows10.0.19041.0]
C:\Program Files\dotnet\sdk\9.0.101\Microsoft.Common.CurrentVersion.targets(2413,5): warning MSB3277:             C:\Users\MSI - GF63\.nuget\packages\microsoft.maui.controls.xaml\9.0.40\lib\net9.0-windows10.0.19041\Microsoft.Maui.Controls.Xaml.dll [C:\Concertbookingapp\Concert.MAUI\Concert.MAUI.csproj::TargetFramework=net9.0-windows10.0.19041.0]
C:\Program Files\dotnet\sdk\9.0.101\Microsoft.Common.CurrentVersion.targets(2413,5): warning MSB3277:             C:\Users\MSI - GF63\.nuget\packages\microsoft.maui.core\9.0.40\lib\net9.0-windows10.0.19041\Microsoft.Maui.dll [C:\Concertbookingapp\Concert.MAUI\Concert.MAUI.csproj::TargetFramework=net9.0-windows10.0.19041.0]
C:\Program Files\dotnet\sdk\9.0.101\Microsoft.Common.CurrentVersion.targets(2413,5): warning MSB3277:             C:\Users\MSI - GF63\.nuget\packages\microsoft.maui.essentials\9.0.40\lib\net9.0-windows10.0.19041\Microsoft.Maui.Essentials.dll [C:\Concertbookingapp\Concert.MAUI\Concert.MAUI.csproj::TargetFramework=net9.0-windows10.0.19041.0]
C:\Program Files\dotnet\sdk\9.0.101\Microsoft.Common.CurrentVersion.targets(2413,5): warning MSB3277:             C:\Users\MSI - GF63\.nuget\packages\microsoft.maui.graphics\9.0.40\lib\net9.0-windows10.0.19041\Microsoft.Maui.Graphics.dll [C:\Concertbookingapp\Concert.MAUI\Concert.MAUI.csproj::TargetFramework=net9.0-windows10.0.19041.0]
C:\Program Files\dotnet\sdk\9.0.101\Microsoft.Common.CurrentVersion.targets(2413,5): warning MSB3277:             C:\Users\MSI - GF63\.nuget\packages\microsoft.maui.graphics.win2d.winui.desktop\9.0.40\lib\net9.0-windows10.0.19041\Microsoft.Maui.Graphics.Win2D.WinUI.Desktop.dll [C:\Concertbookingapp\Concert.MAUI\Concert.MAUI.csproj::TargetFramework=net9.0-windows10.0.19041.0]
C:\Program Files\dotnet\sdk\9.0.101\Microsoft.Common.CurrentVersion.targets(2413,5): warning MSB3277:         C:\Users\MSI - GF63\.nuget\packages\microsoft.windowsappsdk\1.6.250108002\lib\net6.0-windows10.0.18362.0\Microsoft.Windows.ApplicationModel.WindowsAppRuntime.Projection.dll [C:\Concertbookingapp\Concert.MAUI\Concert.MAUI.csproj::TargetFramework=net9.0-windows10.0.19041.0]
C:\Program Files\dotnet\sdk\9.0.101\Microsoft.Common.CurrentVersion.targets(2413,5): warning MSB3277:           Project file item includes which caused reference "C:\Users\MSI - GF63\.nuget\packages\microsoft.windowsappsdk\1.6.250108002\lib\net6.0-windows10.0.18362.0\Microsoft.Windows.ApplicationModel.WindowsAppRuntime.Projection.dll". [C:\Concertbookingapp\Concert.MAUI\Concert.MAUI.csproj::TargetFramework=net9.0-windows10.0.19041.0]
C:\Program Files\dotnet\sdk\9.0.101\Microsoft.Common.CurrentVersion.targets(2413,5): warning MSB3277:             C:\Users\MSI - GF63\.nuget\packages\microsoft.windowsappsdk\1.6.250108002\lib\net6.0-windows10.0.18362.0\Microsoft.Windows.ApplicationModel.WindowsAppRuntime.Projection.dll [C:\Concertbookingapp\Concert.MAUI\Concert.MAUI.csproj::TargetFramework=net9.0-windows10.0.19041.0]
C:\Program Files\dotnet\sdk\9.0.101\Microsoft.Common.CurrentVersion.targets(2413,5): warning MSB3277:         C:\Users\MSI - GF63\.nuget\packages\microsoft.windowsappsdk\1.6.250108002\lib\net6.0-windows10.0.18362.0\Microsoft.Windows.Management.Deployment.Projection.dll [C:\Concertbookingapp\Concert.MAUI\Concert.MAUI.csproj::TargetFramework=net9.0-windows10.0.19041.0]
C:\Program Files\dotnet\sdk\9.0.101\Microsoft.Common.CurrentVersion.targets(2413,5): warning MSB3277:           Project file item includes which caused reference "C:\Users\MSI - GF63\.nuget\packages\microsoft.windowsappsdk\1.6.250108002\lib\net6.0-windows10.0.18362.0\Microsoft.Windows.Management.Deployment.Projection.dll". [C:\Concertbookingapp\Concert.MAUI\Concert.MAUI.csproj::TargetFramework=net9.0-windows10.0.19041.0]
C:\Program Files\dotnet\sdk\9.0.101\Microsoft.Common.CurrentVersion.targets(2413,5): warning MSB3277:             C:\Users\MSI - GF63\.nuget\packages\microsoft.windowsappsdk\1.6.250108002\lib\net6.0-windows10.0.18362.0\Microsoft.Windows.Management.Deployment.Projection.dll [C:\Concertbookingapp\Concert.MAUI\Concert.MAUI.csproj::TargetFramework=net9.0-windows10.0.19041.0]
C:\Program Files\dotnet\sdk\9.0.101\Microsoft.Common.CurrentVersion.targets(2413,5): warning MSB3277:         C:\Users\MSI - GF63\.nuget\packages\microsoft.windowsappsdk\1.6.250108002\lib\net6.0-windows10.0.18362.0\Microsoft.Windows.PushNotifications.Projection.dll [C:\Concertbookingapp\Concert.MAUI\Concert.MAUI.csproj::TargetFramework=net9.0-windows10.0.19041.0]
C:\Program Files\dotnet\sdk\9.0.101\Microsoft.Common.CurrentVersion.targets(2413,5): warning MSB3277:           Project file item includes which caused reference "C:\Users\MSI - GF63\.nuget\packages\microsoft.windowsappsdk\1.6.250108002\lib\net6.0-windows10.0.18362.0\Microsoft.Windows.PushNotifications.Projection.dll". [C:\Concertbookingapp\Concert.MAUI\Concert.MAUI.csproj::TargetFramework=net9.0-windows10.0.19041.0]
C:\Program Files\dotnet\sdk\9.0.101\Microsoft.Common.CurrentVersion.targets(2413,5): warning MSB3277:             C:\Users\MSI - GF63\.nuget\packages\microsoft.windowsappsdk\1.6.250108002\lib\net6.0-windows10.0.18362.0\Microsoft.Windows.PushNotifications.Projection.dll [C:\Concertbookingapp\Concert.MAUI\Concert.MAUI.csproj::TargetFramework=net9.0-windows10.0.19041.0]
C:\Program Files\dotnet\sdk\9.0.101\Microsoft.Common.CurrentVersion.targets(2413,5): warning MSB3277:         C:\Users\MSI - GF63\.nuget\packages\microsoft.windowsappsdk\1.6.250108002\lib\net6.0-windows10.0.18362.0\Microsoft.Windows.Security.AccessControl.Projection.dll [C:\Concertbookingapp\Concert.MAUI\Concert.MAUI.csproj::TargetFramework=net9.0-windows10.0.19041.0]
C:\Program Files\dotnet\sdk\9.0.101\Microsoft.Common.CurrentVersion.targets(2413,5): warning MSB3277:           Project file item includes which caused reference "C:\Users\MSI - GF63\.nuget\packages\microsoft.windowsappsdk\1.6.250108002\lib\net6.0-windows10.0.18362.0\Microsoft.Windows.Security.AccessControl.Projection.dll". [C:\Concertbookingapp\Concert.MAUI\Concert.MAUI.csproj::TargetFramework=net9.0-windows10.0.19041.0]
C:\Program Files\dotnet\sdk\9.0.101\Microsoft.Common.CurrentVersion.targets(2413,5): warning MSB3277:             C:\Users\MSI - GF63\.nuget\packages\microsoft.windowsappsdk\1.6.250108002\lib\net6.0-windows10.0.18362.0\Microsoft.Windows.Security.AccessControl.Projection.dll [C:\Concertbookingapp\Concert.MAUI\Concert.MAUI.csproj::TargetFramework=net9.0-windows10.0.19041.0]
C:\Program Files\dotnet\sdk\9.0.101\Microsoft.Common.CurrentVersion.targets(2413,5): warning MSB3277:         C:\Users\MSI - GF63\.nuget\packages\microsoft.windowsappsdk\1.6.250108002\lib\net6.0-windows10.0.18362.0\Microsoft.Windows.Storage.Projection.dll [C:\Concertbookingapp\Concert.MAUI\Concert.MAUI.csproj::TargetFramework=net9.0-windows10.0.19041.0]
C:\Program Files\dotnet\sdk\9.0.101\Microsoft.Common.CurrentVersion.targets(2413,5): warning MSB3277:           Project file item includes which caused reference "C:\Users\MSI - GF63\.nuget\packages\microsoft.windowsappsdk\1.6.250108002\lib\net6.0-windows10.0.18362.0\Microsoft.Windows.Storage.Projection.dll". [C:\Concertbookingapp\Concert.MAUI\Concert.MAUI.csproj::TargetFramework=net9.0-windows10.0.19041.0]
C:\Program Files\dotnet\sdk\9.0.101\Microsoft.Common.CurrentVersion.targets(2413,5): warning MSB3277:             C:\Users\MSI - GF63\.nuget\packages\microsoft.windowsappsdk\1.6.250108002\lib\net6.0-windows10.0.18362.0\Microsoft.Windows.Storage.Projection.dll [C:\Concertbookingapp\Concert.MAUI\Concert.MAUI.csproj::TargetFramework=net9.0-windows10.0.19041.0]
C:\Program Files\dotnet\sdk\9.0.101\Microsoft.Common.CurrentVersion.targets(2413,5): warning MSB3277:         C:\Users\MSI - GF63\.nuget\packages\microsoft.windowsappsdk\1.6.250108002\lib\net6.0-windows10.0.18362.0\Microsoft.Windows.System.Power.Projection.dll [C:\Concertbookingapp\Concert.MAUI\Concert.MAUI.csproj::TargetFramework=net9.0-windows10.0.19041.0]
C:\Program Files\dotnet\sdk\9.0.101\Microsoft.Common.CurrentVersion.targets(2413,5): warning MSB3277:           Project file item includes which caused reference "C:\Users\MSI - GF63\.nuget\packages\microsoft.windowsappsdk\1.6.250108002\lib\net6.0-windows10.0.18362.0\Microsoft.Windows.System.Power.Projection.dll". [C:\Concertbookingapp\Concert.MAUI\Concert.MAUI.csproj::TargetFramework=net9.0-windows10.0.19041.0]
C:\Program Files\dotnet\sdk\9.0.101\Microsoft.Common.CurrentVersion.targets(2413,5): warning MSB3277:             C:\Users\MSI - GF63\.nuget\packages\microsoft.windowsappsdk\1.6.250108002\lib\net6.0-windows10.0.18362.0\Microsoft.Windows.System.Power.Projection.dll [C:\Concertbookingapp\Concert.MAUI\Concert.MAUI.csproj::TargetFramework=net9.0-windows10.0.19041.0]
C:\Program Files\dotnet\sdk\9.0.101\Microsoft.Common.CurrentVersion.targets(2413,5): warning MSB3277:         C:\Users\MSI - GF63\.nuget\packages\microsoft.windowsappsdk\1.6.250108002\lib\net6.0-windows10.0.18362.0\Microsoft.Windows.System.Projection.dll [C:\Concertbookingapp\Concert.MAUI\Concert.MAUI.csproj::TargetFramework=net9.0-windows10.0.19041.0]
C:\Program Files\dotnet\sdk\9.0.101\Microsoft.Common.CurrentVersion.targets(2413,5): warning MSB3277:           Project file item includes which caused reference "C:\Users\MSI - GF63\.nuget\packages\microsoft.windowsappsdk\1.6.250108002\lib\net6.0-windows10.0.18362.0\Microsoft.Windows.System.Projection.dll". [C:\Concertbookingapp\Concert.MAUI\Concert.MAUI.csproj::TargetFramework=net9.0-windows10.0.19041.0]
C:\Program Files\dotnet\sdk\9.0.101\Microsoft.Common.CurrentVersion.targets(2413,5): warning MSB3277:             C:\Users\MSI - GF63\.nuget\packages\microsoft.windowsappsdk\1.6.250108002\lib\net6.0-windows10.0.18362.0\Microsoft.Windows.System.Projection.dll [C:\Concertbookingapp\Concert.MAUI\Concert.MAUI.csproj::TargetFramework=net9.0-windows10.0.19041.0]
C:\Program Files\dotnet\sdk\9.0.101\Microsoft.Common.CurrentVersion.targets(2413,5): warning MSB3277:         C:\Users\MSI - GF63\.nuget\packages\microsoft.windowsappsdk\1.6.250108002\lib\net6.0-windows10.0.18362.0\Microsoft.Windows.Widgets.Projection.dll [C:\Concertbookingapp\Concert.MAUI\Concert.MAUI.csproj::TargetFramework=net9.0-windows10.0.19041.0]
C:\Program Files\dotnet\sdk\9.0.101\Microsoft.Common.CurrentVersion.targets(2413,5): warning MSB3277:           Project file item includes which caused reference "C:\Users\MSI - GF63\.nuget\packages\microsoft.windowsappsdk\1.6.250108002\lib\net6.0-windows10.0.18362.0\Microsoft.Windows.Widgets.Projection.dll". [C:\Concertbookingapp\Concert.MAUI\Concert.MAUI.csproj::TargetFramework=net9.0-windows10.0.19041.0]
C:\Program Files\dotnet\sdk\9.0.101\Microsoft.Common.CurrentVersion.targets(2413,5): warning MSB3277:             C:\Users\MSI - GF63\.nuget\packages\microsoft.windowsappsdk\1.6.250108002\lib\net6.0-windows10.0.18362.0\Microsoft.Windows.Widgets.Projection.dll [C:\Concertbookingapp\Concert.MAUI\Concert.MAUI.csproj::TargetFramework=net9.0-windows10.0.19041.0]
  Concert.MAUI -> C:\Concertbookingapp\Concert.MAUI\bin\Debug\net9.0-maccatalyst\maccatalyst-x64\Concert.MAUI.dll
  Concert.MAUI -> C:\Concertbookingapp\Concert.MAUI\bin\Debug\net9.0-ios\iossimulator-x64\Concert.MAUI.dll
  Concert.MAUI -> C:\Concertbookingapp\Concert.MAUI\bin\Debug\net9.0-windows10.0.19041.0\win10-x64\Concert.MAUI.dll
  Concert.MAUI -> C:\Concertbookingapp\Concert.MAUI\bin\Debug\net9.0-android\Concert.MAUI.dll
  Concert.Data.DTO -> C:\Concertbookingapp\Consert.Data.DTO\bin\Debug\net9.0\Concert.Data.DTO.dll

Build succeeded.

C:\Program Files\dotnet\sdk\9.0.101\Microsoft.Common.CurrentVersion.targets(2413,5): warning MSB3277: Found conflicts between different versions of "WinRT.Runtime" that could not be resolved. [C:\Concertbookingapp\Concert.MAUI\Concert.MAUI.csproj::TargetFramework=net9.0-windows10.0.19041.0]
C:\Program Files\dotnet\sdk\9.0.101\Microsoft.Common.CurrentVersion.targets(2413,5): warning MSB3277: There was a conflict between "WinRT.Runtime, Version=2.1.0.0, Culture=neutral, PublicKeyToken=99ea127f02d97709" and "WinRT.Runtime, Version=2.2.0.0, Culture=neutral, PublicKeyToken=99ea127f02d97709". [C:\Concertbookingapp\Concert.MAUI\Concert.MAUI.csproj::TargetFramework=net9.0-windows10.0.19041.0]
C:\Program Files\dotnet\sdk\9.0.101\Microsoft.Common.CurrentVersion.targets(2413,5): warning MSB3277:     "WinRT.Runtime, Version=2.1.0.0, Culture=neutral, PublicKeyToken=99ea127f02d97709" was chosen because it was primary and "WinRT.Runtime, Version=2.2.0.0, Culture=neutral, PublicKeyToken=99ea127f02d97709" was not. [C:\Concertbookingapp\Concert.MAUI\Concert.MAUI.csproj::TargetFramework=net9.0-windows10.0.19041.0]
C:\Program Files\dotnet\sdk\9.0.101\Microsoft.Common.CurrentVersion.targets(2413,5): warning MSB3277:     References which depend on "WinRT.Runtime, Version=2.1.0.0, Culture=neutral, PublicKeyToken=99ea127f02d97709" [C:\Users\MSI - GF63\.nuget\packages\microsoft.windows.sdk.net.ref\10.0.19041.54\lib\net8.0\WinRT.Runtime.dll]. [C:\Concertbookingapp\Concert.MAUI\Concert.MAUI.csproj::TargetFramework=net9.0-windows10.0.19041.0]
C:\Program Files\dotnet\sdk\9.0.101\Microsoft.Common.CurrentVersion.targets(2413,5): warning MSB3277:         C:\Users\MSI - GF63\.nuget\packages\microsoft.windows.sdk.net.ref\10.0.19041.54\lib\net8.0\WinRT.Runtime.dll [C:\Concertbookingapp\Concert.MAUI\Concert.MAUI.csproj::TargetFramework=net9.0-windows10.0.19041.0]
C:\Program Files\dotnet\sdk\9.0.101\Microsoft.Common.CurrentVersion.targets(2413,5): warning MSB3277:           Project file item includes which caused reference "C:\Users\MSI - GF63\.nuget\packages\microsoft.windows.sdk.net.ref\10.0.19041.54\lib\net8.0\WinRT.Runtime.dll". [C:\Concertbookingapp\Concert.MAUI\Concert.MAUI.csproj::TargetFramework=net9.0-windows10.0.19041.0]
C:\Program Files\dotnet\sdk\9.0.101\Microsoft.Common.CurrentVersion.targets(2413,5): warning MSB3277:             C:\Users\MSI - GF63\.nuget\packages\microsoft.windows.sdk.net.ref\10.0.19041.54\lib/net8.0/WinRT.Runtime.dll [C:\Concertbookingapp\Concert.MAUI\Concert.MAUI.csproj::TargetFramework=net9.0-windows10.0.19041.0]
C:\Program Files\dotnet\sdk\9.0.101\Microsoft.Common.CurrentVersion.targets(2413,5): warning MSB3277:     References which depend on or have been unified to "WinRT.Runtime, Version=2.2.0.0, Culture=neutral, PublicKeyToken=99ea127f02d97709" []. [C:\Concertbookingapp\Concert.MAUI\Concert.MAUI.csproj::TargetFramework=net9.0-windows10.0.19041.0]
C:\Program Files\dotnet\sdk\9.0.101\Microsoft.Common.CurrentVersion.targets(2413,5): warning MSB3277:         C:\Users\MSI - GF63\.nuget\packages\microsoft.web.webview2\1.0.2792.45\lib_manual\net6.0-windows10.0.17763.0\Microsoft.Web.WebView2.Core.Projection.dll [C:\Concertbookingapp\Concert.MAUI\Concert.MAUI.csproj::TargetFramework=net9.0-windows10.0.19041.0]
C:\Program Files\dotnet\sdk\9.0.101\Microsoft.Common.CurrentVersion.targets(2413,5): warning MSB3277:           Project file item includes which caused reference "C:\Users\MSI - GF63\.nuget\packages\microsoft.web.webview2\1.0.2792.45\lib_manual\net6.0-windows10.0.17763.0\Microsoft.Web.WebView2.Core.Projection.dll". [C:\Concertbookingapp\Concert.MAUI\Concert.MAUI.csproj::TargetFramework=net9.0-windows10.0.19041.0]
C:\Program Files\dotnet\sdk\9.0.101\Microsoft.Common.CurrentVersion.targets(2413,5): warning MSB3277:             C:\Users\MSI - GF63\.nuget\packages\microsoft.web.webview2\1.0.2792.45\buildTransitive\..\\lib_manual\net6.0-windows10.0.17763.0\Microsoft.Web.WebView2.Core.Projection.dll [C:\Concertbookingapp\Concert.MAUI\Concert.MAUI.csproj::TargetFramework=net9.0-windows10.0.19041.0]
C:\Program Files\dotnet\sdk\9.0.101\Microsoft.Common.CurrentVersion.targets(2413,5): warning MSB3277:             C:\Users\MSI - GF63\.nuget\packages\microsoft.maui.controls.core\9.0.40\lib\net9.0-windows10.0.19041\Microsoft.Maui.Controls.dll [C:\Concertbookingapp\Concert.MAUI\Concert.MAUI.csproj::TargetFramework=net9.0-windows10.0.19041.0]
C:\Program Files\dotnet\sdk\9.0.101\Microsoft.Common.CurrentVersion.targets(2413,5): warning MSB3277:             C:\Users\MSI - GF63\.nuget\packages\communitytoolkit.maui\11.0.0\lib\net9.0-windows10.0.19041\CommunityToolkit.Maui.dll [C:\Concertbookingapp\Concert.MAUI\Concert.MAUI.csproj::TargetFramework=net9.0-windows10.0.19041.0]
C:\Program Files\dotnet\sdk\9.0.101\Microsoft.Common.CurrentVersion.targets(2413,5): warning MSB3277:             C:\Users\MSI - GF63\.nuget\packages\microsoft.maui.controls.xaml\9.0.40\lib\net9.0-windows10.0.19041\Microsoft.Maui.Controls.Xaml.dll [C:\Concertbookingapp\Concert.MAUI\Concert.MAUI.csproj::TargetFramework=net9.0-windows10.0.19041.0]
C:\Program Files\dotnet\sdk\9.0.101\Microsoft.Common.CurrentVersion.targets(2413,5): warning MSB3277:             C:\Users\MSI - GF63\.nuget\packages\microsoft.maui.core\9.0.40\lib\net9.0-windows10.0.19041\Microsoft.Maui.dll [C:\Concertbookingapp\Concert.MAUI\Concert.MAUI.csproj::TargetFramework=net9.0-windows10.0.19041.0]
C:\Program Files\dotnet\sdk\9.0.101\Microsoft.Common.CurrentVersion.targets(2413,5): warning MSB3277:             C:\Users\MSI - GF63\.nuget\packages\communitytoolkit.maui.core\11.0.0\lib\net9.0-windows10.0.19041\CommunityToolkit.Maui.Core.dll [C:\Concertbookingapp\Concert.MAUI\Concert.MAUI.csproj::TargetFramework=net9.0-windows10.0.19041.0]
C:\Program Files\dotnet\sdk\9.0.101\Microsoft.Common.CurrentVersion.targets(2413,5): warning MSB3277:             C:\Users\MSI - GF63\.nuget\packages\microsoft.windowsappsdk\1.6.250108002\lib\net6.0-windows10.0.18362.0\Microsoft.WinUI.dll [C:\Concertbookingapp\Concert.MAUI\Concert.MAUI.csproj::TargetFramework=net9.0-windows10.0.19041.0]
C:\Program Files\dotnet\sdk\9.0.101\Microsoft.Common.CurrentVersion.targets(2413,5): warning MSB3277:             C:\Users\MSI - GF63\.nuget\packages\microsoft.graphics.win2d\1.2.0\lib\net6.0-windows10.0.19041.0\Microsoft.Graphics.Canvas.Interop.dll [C:\Concertbookingapp\Concert.MAUI\Concert.MAUI.csproj::TargetFramework=net9.0-windows10.0.19041.0]
C:\Program Files\dotnet\sdk\9.0.101\Microsoft.Common.CurrentVersion.targets(2413,5): warning MSB3277:             C:\Users\MSI - GF63\.nuget\packages\microsoft.maui.essentials\9.0.40\lib\net9.0-windows10.0.19041\Microsoft.Maui.Essentials.dll [C:\Concertbookingapp\Concert.MAUI\Concert.MAUI.csproj::TargetFramework=net9.0-windows10.0.19041.0]
C:\Program Files\dotnet\sdk\9.0.101\Microsoft.Common.CurrentVersion.targets(2413,5): warning MSB3277:             C:\Users\MSI - GF63\.nuget\packages\microsoft.maui.graphics\9.0.40\lib\net9.0-windows10.0.19041\Microsoft.Maui.Graphics.dll [C:\Concertbookingapp\Concert.MAUI\Concert.MAUI.csproj::TargetFramework=net9.0-windows10.0.19041.0]
C:\Program Files\dotnet\sdk\9.0.101\Microsoft.Common.CurrentVersion.targets(2413,5): warning MSB3277:             C:\Users\MSI - GF63\.nuget\packages\microsoft.maui.graphics.win2d.winui.desktop\9.0.40\lib\net9.0-windows10.0.19041\Microsoft.Maui.Graphics.Win2D.WinUI.Desktop.dll [C:\Concertbookingapp\Concert.MAUI\Concert.MAUI.csproj::TargetFramework=net9.0-windows10.0.19041.0]
C:\Program Files\dotnet\sdk\9.0.101\Microsoft.Common.CurrentVersion.targets(2413,5): warning MSB3277:         C:\Users\MSI - GF63\.nuget\packages\communitytoolkit.maui\11.0.0\lib\net9.0-windows10.0.19041\CommunityToolkit.Maui.dll [C:\Concertbookingapp\Concert.MAUI\Concert.MAUI.csproj::TargetFramework=net9.0-windows10.0.19041.0]
C:\Program Files\dotnet\sdk\9.0.101\Microsoft.Common.CurrentVersion.targets(2413,5): warning MSB3277:           Project file item includes which caused reference "C:\Users\MSI - GF63\.nuget\packages\communitytoolkit.maui\11.0.0\lib\net9.0-windows10.0.19041\CommunityToolkit.Maui.dll". [C:\Concertbookingapp\Concert.MAUI\Concert.MAUI.csproj::TargetFramework=net9.0-windows10.0.19041.0]
C:\Program Files\dotnet\sdk\9.0.101\Microsoft.Common.CurrentVersion.targets(2413,5): warning MSB3277:             C:\Users\MSI - GF63\.nuget\packages\communitytoolkit.maui\11.0.0\lib\net9.0-windows10.0.19041\CommunityToolkit.Maui.dll [C:\Concertbookingapp\Concert.MAUI\Concert.MAUI.csproj::TargetFramework=net9.0-windows10.0.19041.0]
C:\Program Files\dotnet\sdk\9.0.101\Microsoft.Common.CurrentVersion.targets(2413,5): warning MSB3277:         C:\Users\MSI - GF63\.nuget\packages\communitytoolkit.maui.core\11.0.0\lib\net9.0-windows10.0.19041\CommunityToolkit.Maui.Core.dll [C:\Concertbookingapp\Concert.MAUI\Concert.MAUI.csproj::TargetFramework=net9.0-windows10.0.19041.0]
C:\Program Files\dotnet\sdk\9.0.101\Microsoft.Common.CurrentVersion.targets(2413,5): warning MSB3277:           Project file item includes which caused reference "C:\Users\MSI - GF63\.nuget\packages\communitytoolkit.maui.core\11.0.0\lib\net9.0-windows10.0.19041\CommunityToolkit.Maui.Core.dll". [C:\Concertbookingapp\Concert.MAUI\Concert.MAUI.csproj::TargetFramework=net9.0-windows10.0.19041.0]
C:\Program Files\dotnet\sdk\9.0.101\Microsoft.Common.CurrentVersion.targets(2413,5): warning MSB3277:             C:\Users\MSI - GF63\.nuget\packages\communitytoolkit.maui.core\11.0.0\lib\net9.0-windows10.0.19041\CommunityToolkit.Maui.Core.dll [C:\Concertbookingapp\Concert.MAUI\Concert.MAUI.csproj::TargetFramework=net9.0-windows10.0.19041.0]
C:\Program Files\dotnet\sdk\9.0.101\Microsoft.Common.CurrentVersion.targets(2413,5): warning MSB3277:             C:\Users\MSI - GF63\.nuget\packages\communitytoolkit.maui\11.0.0\lib\net9.0-windows10.0.19041\CommunityToolkit.Maui.dll [C:\Concertbookingapp\Concert.MAUI\Concert.MAUI.csproj::TargetFramework=net9.0-windows10.0.19041.0]
C:\Program Files\dotnet\sdk\9.0.101\Microsoft.Common.CurrentVersion.targets(2413,5): warning MSB3277:         C:\Users\MSI - GF63\.nuget\packages\communitytoolkit.mvvm\8.4.0\lib\net8.0-windows10.0.17763\CommunityToolkit.Mvvm.dll [C:\Concertbookingapp\Concert.MAUI\Concert.MAUI.csproj::TargetFramework=net9.0-windows10.0.19041.0]
C:\Program Files\dotnet\sdk\9.0.101\Microsoft.Common.CurrentVersion.targets(2413,5): warning MSB3277:           Project file item includes which caused reference "C:\Users\MSI - GF63\.nuget\packages\communitytoolkit.mvvm\8.4.0\lib\net8.0-windows10.0.17763\CommunityToolkit.Mvvm.dll". [C:\Concertbookingapp\Concert.MAUI\Concert.MAUI.csproj::TargetFramework=net9.0-windows10.0.19041.0]
C:\Program Files\dotnet\sdk\9.0.101\Microsoft.Common.CurrentVersion.targets(2413,5): warning MSB3277:             C:\Users\MSI - GF63\.nuget\packages\communitytoolkit.mvvm\8.4.0\lib\net8.0-windows10.0.17763\CommunityToolkit.Mvvm.dll [C:\Concertbookingapp\Concert.MAUI\Concert.MAUI.csproj::TargetFramework=net9.0-windows10.0.19041.0]
C:\Program Files\dotnet\sdk\9.0.101\Microsoft.Common.CurrentVersion.targets(2413,5): warning MSB3277:         C:\Users\MSI - GF63\.nuget\packages\microsoft.graphics.win2d\1.2.0\lib\net6.0-windows10.0.19041.0\Microsoft.Graphics.Canvas.Interop.dll [C:\Concertbookingapp\Concert.MAUI\Concert.MAUI.csproj::TargetFramework=net9.0-windows10.0.19041.0]
C:\Program Files\dotnet\sdk\9.0.101\Microsoft.Common.CurrentVersion.targets(2413,5): warning MSB3277:           Project file item includes which caused reference "C:\Users\MSI - GF63\.nuget\packages\microsoft.graphics.win2d\1.2.0\lib\net6.0-windows10.0.19041.0\Microsoft.Graphics.Canvas.Interop.dll". [C:\Concertbookingapp\Concert.MAUI\Concert.MAUI.csproj::TargetFramework=net9.0-windows10.0.19041.0]
C:\Program Files\dotnet\sdk\9.0.101\Microsoft.Common.CurrentVersion.targets(2413,5): warning MSB3277:             C:\Users\MSI - GF63\.nuget\packages\microsoft.graphics.win2d\1.2.0\lib\net6.0-windows10.0.19041.0\Microsoft.Graphics.Canvas.Interop.dll [C:\Concertbookingapp\Concert.MAUI\Concert.MAUI.csproj::TargetFramework=net9.0-windows10.0.19041.0]
C:\Program Files\dotnet\sdk\9.0.101\Microsoft.Common.CurrentVersion.targets(2413,5): warning MSB3277:             C:\Users\MSI - GF63\.nuget\packages\communitytoolkit.maui.core\11.0.0\lib\net9.0-windows10.0.19041\CommunityToolkit.Maui.Core.dll [C:\Concertbookingapp\Concert.MAUI\Concert.MAUI.csproj::TargetFramework=net9.0-windows10.0.19041.0]
C:\Program Files\dotnet\sdk\9.0.101\Microsoft.Common.CurrentVersion.targets(2413,5): warning MSB3277:             C:\Users\MSI - GF63\.nuget\packages\communitytoolkit.maui\11.0.0\lib\net9.0-windows10.0.19041\CommunityToolkit.Maui.dll [C:\Concertbookingapp\Concert.MAUI\Concert.MAUI.csproj::TargetFramework=net9.0-windows10.0.19041.0]
C:\Program Files\dotnet\sdk\9.0.101\Microsoft.Common.CurrentVersion.targets(2413,5): warning MSB3277:             C:\Users\MSI - GF63\.nuget\packages\microsoft.maui.controls.core\9.0.40\lib\net9.0-windows10.0.19041\Microsoft.Maui.Controls.dll [C:\Concertbookingapp\Concert.MAUI\Concert.MAUI.csproj::TargetFramework=net9.0-windows10.0.19041.0]
C:\Program Files\dotnet\sdk\9.0.101\Microsoft.Common.CurrentVersion.targets(2413,5): warning MSB3277:             C:\Users\MSI - GF63\.nuget\packages\microsoft.maui.controls.xaml\9.0.40\lib\net9.0-windows10.0.19041\Microsoft.Maui.Controls.Xaml.dll [C:\Concertbookingapp\Concert.MAUI\Concert.MAUI.csproj::TargetFramework=net9.0-windows10.0.19041.0]
C:\Program Files\dotnet\sdk\9.0.101\Microsoft.Common.CurrentVersion.targets(2413,5): warning MSB3277:             C:\Users\MSI - GF63\.nuget\packages\microsoft.maui.core\9.0.40\lib\net9.0-windows10.0.19041\Microsoft.Maui.dll [C:\Concertbookingapp\Concert.MAUI\Concert.MAUI.csproj::TargetFramework=net9.0-windows10.0.19041.0]
C:\Program Files\dotnet\sdk\9.0.101\Microsoft.Common.CurrentVersion.targets(2413,5): warning MSB3277:             C:\Users\MSI - GF63\.nuget\packages\microsoft.maui.graphics\9.0.40\lib\net9.0-windows10.0.19041\Microsoft.Maui.Graphics.dll [C:\Concertbookingapp\Concert.MAUI\Concert.MAUI.csproj::TargetFramework=net9.0-windows10.0.19041.0]
C:\Program Files\dotnet\sdk\9.0.101\Microsoft.Common.CurrentVersion.targets(2413,5): warning MSB3277:             C:\Users\MSI - GF63\.nuget\packages\microsoft.maui.essentials\9.0.40\lib\net9.0-windows10.0.19041\Microsoft.Maui.Essentials.dll [C:\Concertbookingapp\Concert.MAUI\Concert.MAUI.csproj::TargetFramework=net9.0-windows10.0.19041.0]
C:\Program Files\dotnet\sdk\9.0.101\Microsoft.Common.CurrentVersion.targets(2413,5): warning MSB3277:             C:\Users\MSI - GF63\.nuget\packages\microsoft.maui.graphics.win2d.winui.desktop\9.0.40\lib\net9.0-windows10.0.19041\Microsoft.Maui.Graphics.Win2D.WinUI.Desktop.dll [C:\Concertbookingapp\Concert.MAUI\Concert.MAUI.csproj::TargetFramework=net9.0-windows10.0.19041.0]
C:\Program Files\dotnet\sdk\9.0.101\Microsoft.Common.CurrentVersion.targets(2413,5): warning MSB3277:         C:\Users\MSI - GF63\.nuget\packages\microsoft.maui.controls.core\9.0.40\lib\net9.0-windows10.0.19041\Microsoft.Maui.Controls.dll [C:\Concertbookingapp\Concert.MAUI\Concert.MAUI.csproj::TargetFramework=net9.0-windows10.0.19041.0]
C:\Program Files\dotnet\sdk\9.0.101\Microsoft.Common.CurrentVersion.targets(2413,5): warning MSB3277:           Project file item includes which caused reference "C:\Users\MSI - GF63\.nuget\packages\microsoft.maui.controls.core\9.0.40\lib\net9.0-windows10.0.19041\Microsoft.Maui.Controls.dll". [C:\Concertbookingapp\Concert.MAUI\Concert.MAUI.csproj::TargetFramework=net9.0-windows10.0.19041.0]
C:\Program Files\dotnet\sdk\9.0.101\Microsoft.Common.CurrentVersion.targets(2413,5): warning MSB3277:             C:\Users\MSI - GF63\.nuget\packages\microsoft.maui.controls.core\9.0.40\lib\net9.0-windows10.0.19041\Microsoft.Maui.Controls.dll [C:\Concertbookingapp\Concert.MAUI\Concert.MAUI.csproj::TargetFramework=net9.0-windows10.0.19041.0]
C:\Program Files\dotnet\sdk\9.0.101\Microsoft.Common.CurrentVersion.targets(2413,5): warning MSB3277:             C:\Users\MSI - GF63\.nuget\packages\communitytoolkit.maui\11.0.0\lib\net9.0-windows10.0.19041\CommunityToolkit.Maui.dll [C:\Concertbookingapp\Concert.MAUI\Concert.MAUI.csproj::TargetFramework=net9.0-windows10.0.19041.0]
C:\Program Files\dotnet\sdk\9.0.101\Microsoft.Common.CurrentVersion.targets(2413,5): warning MSB3277:             C:\Users\MSI - GF63\.nuget\packages\microsoft.maui.controls.xaml\9.0.40\lib\net9.0-windows10.0.19041\Microsoft.Maui.Controls.Xaml.dll [C:\Concertbookingapp\Concert.MAUI\Concert.MAUI.csproj::TargetFramework=net9.0-windows10.0.19041.0]
C:\Program Files\dotnet\sdk\9.0.101\Microsoft.Common.CurrentVersion.targets(2413,5): warning MSB3277:         C:\Users\MSI - GF63\.nuget\packages\microsoft.maui.controls.xaml\9.0.40\lib\net9.0-windows10.0.19041\Microsoft.Maui.Controls.Xaml.dll [C:\Concertbookingapp\Concert.MAUI\Concert.MAUI.csproj::TargetFramework=net9.0-windows10.0.19041.0]
C:\Program Files\dotnet\sdk\9.0.101\Microsoft.Common.CurrentVersion.targets(2413,5): warning MSB3277:           Project file item includes which caused reference "C:\Users\MSI - GF63\.nuget\packages\microsoft.maui.controls.xaml\9.0.40\lib\net9.0-windows10.0.19041\Microsoft.Maui.Controls.Xaml.dll". [C:\Concertbookingapp\Concert.MAUI\Concert.MAUI.csproj::TargetFramework=net9.0-windows10.0.19041.0]
C:\Program Files\dotnet\sdk\9.0.101\Microsoft.Common.CurrentVersion.targets(2413,5): warning MSB3277:             C:\Users\MSI - GF63\.nuget\packages\microsoft.maui.controls.xaml\9.0.40\lib\net9.0-windows10.0.19041\Microsoft.Maui.Controls.Xaml.dll [C:\Concertbookingapp\Concert.MAUI\Concert.MAUI.csproj::TargetFramework=net9.0-windows10.0.19041.0]
C:\Program Files\dotnet\sdk\9.0.101\Microsoft.Common.CurrentVersion.targets(2413,5): warning MSB3277:         C:\Users\MSI - GF63\.nuget\packages\microsoft.maui.core\9.0.40\lib\net9.0-windows10.0.19041\Microsoft.Maui.dll [C:\Concertbookingapp\Concert.MAUI\Concert.MAUI.csproj::TargetFramework=net9.0-windows10.0.19041.0]
C:\Program Files\dotnet\sdk\9.0.101\Microsoft.Common.CurrentVersion.targets(2413,5): warning MSB3277:           Project file item includes which caused reference "C:\Users\MSI - GF63\.nuget\packages\microsoft.maui.core\9.0.40\lib\net9.0-windows10.0.19041\Microsoft.Maui.dll". [C:\Concertbookingapp\Concert.MAUI\Concert.MAUI.csproj::TargetFramework=net9.0-windows10.0.19041.0]
C:\Program Files\dotnet\sdk\9.0.101\Microsoft.Common.CurrentVersion.targets(2413,5): warning MSB3277:             C:\Users\MSI - GF63\.nuget\packages\microsoft.maui.core\9.0.40\lib\net9.0-windows10.0.19041\Microsoft.Maui.dll [C:\Concertbookingapp\Concert.MAUI\Concert.MAUI.csproj::TargetFramework=net9.0-windows10.0.19041.0]
C:\Program Files\dotnet\sdk\9.0.101\Microsoft.Common.CurrentVersion.targets(2413,5): warning MSB3277:             C:\Users\MSI - GF63\.nuget\packages\communitytoolkit.maui\11.0.0\lib\net9.0-windows10.0.19041\CommunityToolkit.Maui.dll [C:\Concertbookingapp\Concert.MAUI\Concert.MAUI.csproj::TargetFramework=net9.0-windows10.0.19041.0]
C:\Program Files\dotnet\sdk\9.0.101\Microsoft.Common.CurrentVersion.targets(2413,5): warning MSB3277:             C:\Users\MSI - GF63\.nuget\packages\communitytoolkit.maui.core\11.0.0\lib\net9.0-windows10.0.19041\CommunityToolkit.Maui.Core.dll [C:\Concertbookingapp\Concert.MAUI\Concert.MAUI.csproj::TargetFramework=net9.0-windows10.0.19041.0]
C:\Program Files\dotnet\sdk\9.0.101\Microsoft.Common.CurrentVersion.targets(2413,5): warning MSB3277:             C:\Users\MSI - GF63\.nuget\packages\microsoft.maui.controls.core\9.0.40\lib\net9.0-windows10.0.19041\Microsoft.Maui.Controls.dll [C:\Concertbookingapp\Concert.MAUI\Concert.MAUI.csproj::TargetFramework=net9.0-windows10.0.19041.0]
C:\Program Files\dotnet\sdk\9.0.101\Microsoft.Common.CurrentVersion.targets(2413,5): warning MSB3277:             C:\Users\MSI - GF63\.nuget\packages\microsoft.maui.controls.xaml\9.0.40\lib\net9.0-windows10.0.19041\Microsoft.Maui.Controls.Xaml.dll [C:\Concertbookingapp\Concert.MAUI\Concert.MAUI.csproj::TargetFramework=net9.0-windows10.0.19041.0]
C:\Program Files\dotnet\sdk\9.0.101\Microsoft.Common.CurrentVersion.targets(2413,5): warning MSB3277:         C:\Users\MSI - GF63\.nuget\packages\microsoft.maui.essentials\9.0.40\lib\net9.0-windows10.0.19041\Microsoft.Maui.Essentials.dll [C:\Concertbookingapp\Concert.MAUI\Concert.MAUI.csproj::TargetFramework=net9.0-windows10.0.19041.0]
C:\Program Files\dotnet\sdk\9.0.101\Microsoft.Common.CurrentVersion.targets(2413,5): warning MSB3277:           Project file item includes which caused reference "C:\Users\MSI - GF63\.nuget\packages\microsoft.maui.essentials\9.0.40\lib\net9.0-windows10.0.19041\Microsoft.Maui.Essentials.dll". [C:\Concertbookingapp\Concert.MAUI\Concert.MAUI.csproj::TargetFramework=net9.0-windows10.0.19041.0]
C:\Program Files\dotnet\sdk\9.0.101\Microsoft.Common.CurrentVersion.targets(2413,5): warning MSB3277:             C:\Users\MSI - GF63\.nuget\packages\microsoft.maui.essentials\9.0.40\lib\net9.0-windows10.0.19041\Microsoft.Maui.Essentials.dll [C:\Concertbookingapp\Concert.MAUI\Concert.MAUI.csproj::TargetFramework=net9.0-windows10.0.19041.0]
C:\Program Files\dotnet\sdk\9.0.101\Microsoft.Common.CurrentVersion.targets(2413,5): warning MSB3277:             C:\Users\MSI - GF63\.nuget\packages\communitytoolkit.maui.core\11.0.0\lib\net9.0-windows10.0.19041\CommunityToolkit.Maui.Core.dll [C:\Concertbookingapp\Concert.MAUI\Concert.MAUI.csproj::TargetFramework=net9.0-windows10.0.19041.0]
C:\Program Files\dotnet\sdk\9.0.101\Microsoft.Common.CurrentVersion.targets(2413,5): warning MSB3277:             C:\Users\MSI - GF63\.nuget\packages\communitytoolkit.maui\11.0.0\lib\net9.0-windows10.0.19041\CommunityToolkit.Maui.dll [C:\Concertbookingapp\Concert.MAUI\Concert.MAUI.csproj::TargetFramework=net9.0-windows10.0.19041.0]
C:\Program Files\dotnet\sdk\9.0.101\Microsoft.Common.CurrentVersion.targets(2413,5): warning MSB3277:             C:\Users\MSI - GF63\.nuget\packages\microsoft.maui.controls.core\9.0.40\lib\net9.0-windows10.0.19041\Microsoft.Maui.Controls.dll [C:\Concertbookingapp\Concert.MAUI\Concert.MAUI.csproj::TargetFramework=net9.0-windows10.0.19041.0]
C:\Program Files\dotnet\sdk\9.0.101\Microsoft.Common.CurrentVersion.targets(2413,5): warning MSB3277:             C:\Users\MSI - GF63\.nuget\packages\microsoft.maui.controls.xaml\9.0.40\lib\net9.0-windows10.0.19041\Microsoft.Maui.Controls.Xaml.dll [C:\Concertbookingapp\Concert.MAUI\Concert.MAUI.csproj::TargetFramework=net9.0-windows10.0.19041.0]
C:\Program Files\dotnet\sdk\9.0.101\Microsoft.Common.CurrentVersion.targets(2413,5): warning MSB3277:             C:\Users\MSI - GF63\.nuget\packages\microsoft.maui.core\9.0.40\lib\net9.0-windows10.0.19041\Microsoft.Maui.dll [C:\Concertbookingapp\Concert.MAUI\Concert.MAUI.csproj::TargetFramework=net9.0-windows10.0.19041.0]
C:\Program Files\dotnet\sdk\9.0.101\Microsoft.Common.CurrentVersion.targets(2413,5): warning MSB3277:         C:\Users\MSI - GF63\.nuget\packages\microsoft.maui.graphics\9.0.40\lib\net9.0-windows10.0.19041\Microsoft.Maui.Graphics.dll [C:\Concertbookingapp\Concert.MAUI\Concert.MAUI.csproj::TargetFramework=net9.0-windows10.0.19041.0]
C:\Program Files\dotnet\sdk\9.0.101\Microsoft.Common.CurrentVersion.targets(2413,5): warning MSB3277:           Project file item includes which caused reference "C:\Users\MSI - GF63\.nuget\packages\microsoft.maui.graphics\9.0.40\lib\net9.0-windows10.0.19041\Microsoft.Maui.Graphics.dll". [C:\Concertbookingapp\Concert.MAUI\Concert.MAUI.csproj::TargetFramework=net9.0-windows10.0.19041.0]
C:\Program Files\dotnet\sdk\9.0.101\Microsoft.Common.CurrentVersion.targets(2413,5): warning MSB3277:             C:\Users\MSI - GF63\.nuget\packages\microsoft.maui.graphics\9.0.40\lib\net9.0-windows10.0.19041\Microsoft.Maui.Graphics.dll [C:\Concertbookingapp\Concert.MAUI\Concert.MAUI.csproj::TargetFramework=net9.0-windows10.0.19041.0]
C:\Program Files\dotnet\sdk\9.0.101\Microsoft.Common.CurrentVersion.targets(2413,5): warning MSB3277:             C:\Users\MSI - GF63\.nuget\packages\communitytoolkit.maui\11.0.0\lib\net9.0-windows10.0.19041\CommunityToolkit.Maui.dll [C:\Concertbookingapp\Concert.MAUI\Concert.MAUI.csproj::TargetFramework=net9.0-windows10.0.19041.0]
C:\Program Files\dotnet\sdk\9.0.101\Microsoft.Common.CurrentVersion.targets(2413,5): warning MSB3277:             C:\Users\MSI - GF63\.nuget\packages\communitytoolkit.maui.core\11.0.0\lib\net9.0-windows10.0.19041\CommunityToolkit.Maui.Core.dll [C:\Concertbookingapp\Concert.MAUI\Concert.MAUI.csproj::TargetFramework=net9.0-windows10.0.19041.0]
C:\Program Files\dotnet\sdk\9.0.101\Microsoft.Common.CurrentVersion.targets(2413,5): warning MSB3277:             C:\Users\MSI - GF63\.nuget\packages\microsoft.maui.controls.core\9.0.40\lib\net9.0-windows10.0.19041\Microsoft.Maui.Controls.dll [C:\Concertbookingapp\Concert.MAUI\Concert.MAUI.csproj::TargetFramework=net9.0-windows10.0.19041.0]
C:\Program Files\dotnet\sdk\9.0.101\Microsoft.Common.CurrentVersion.targets(2413,5): warning MSB3277:             C:\Users\MSI - GF63\.nuget\packages\microsoft.maui.controls.xaml\9.0.40\lib\net9.0-windows10.0.19041\Microsoft.Maui.Controls.Xaml.dll [C:\Concertbookingapp\Concert.MAUI\Concert.MAUI.csproj::TargetFramework=net9.0-windows10.0.19041.0]
C:\Program Files\dotnet\sdk\9.0.101\Microsoft.Common.CurrentVersion.targets(2413,5): warning MSB3277:             C:\Users\MSI - GF63\.nuget\packages\microsoft.maui.core\9.0.40\lib\net9.0-windows10.0.19041\Microsoft.Maui.dll [C:\Concertbookingapp\Concert.MAUI\Concert.MAUI.csproj::TargetFramework=net9.0-windows10.0.19041.0]
C:\Program Files\dotnet\sdk\9.0.101\Microsoft.Common.CurrentVersion.targets(2413,5): warning MSB3277:             C:\Users\MSI - GF63\.nuget\packages\microsoft.maui.essentials\9.0.40\lib\net9.0-windows10.0.19041\Microsoft.Maui.Essentials.dll [C:\Concertbookingapp\Concert.MAUI\Concert.MAUI.csproj::TargetFramework=net9.0-windows10.0.19041.0]
C:\Program Files\dotnet\sdk\9.0.101\Microsoft.Common.CurrentVersion.targets(2413,5): warning MSB3277:             C:\Users\MSI - GF63\.nuget\packages\microsoft.maui.graphics.win2d.winui.desktop\9.0.40\lib\net9.0-windows10.0.19041\Microsoft.Maui.Graphics.Win2D.WinUI.Desktop.dll [C:\Concertbookingapp\Concert.MAUI\Concert.MAUI.csproj::TargetFramework=net9.0-windows10.0.19041.0]
C:\Program Files\dotnet\sdk\9.0.101\Microsoft.Common.CurrentVersion.targets(2413,5): warning MSB3277:         C:\Users\MSI - GF63\.nuget\packages\microsoft.maui.graphics.win2d.winui.desktop\9.0.40\lib\net9.0-windows10.0.19041\Microsoft.Maui.Graphics.Win2D.WinUI.Desktop.dll [C:\Concertbookingapp\Concert.MAUI\Concert.MAUI.csproj::TargetFramework=net9.0-windows10.0.19041.0]
C:\Program Files\dotnet\sdk\9.0.101\Microsoft.Common.CurrentVersion.targets(2413,5): warning MSB3277:           Project file item includes which caused reference "C:\Users\MSI - GF63\.nuget\packages\microsoft.maui.graphics.win2d.winui.desktop\9.0.40\lib\net9.0-windows10.0.19041\Microsoft.Maui.Graphics.Win2D.WinUI.Desktop.dll". [C:\Concertbookingapp\Concert.MAUI\Concert.MAUI.csproj::TargetFramework=net9.0-windows10.0.19041.0]
C:\Program Files\dotnet\sdk\9.0.101\Microsoft.Common.CurrentVersion.targets(2413,5): warning MSB3277:             C:\Users\MSI - GF63\.nuget\packages\microsoft.maui.graphics.win2d.winui.desktop\9.0.40\lib\net9.0-windows10.0.19041\Microsoft.Maui.Graphics.Win2D.WinUI.Desktop.dll [C:\Concertbookingapp\Concert.MAUI\Concert.MAUI.csproj::TargetFramework=net9.0-windows10.0.19041.0]
C:\Program Files\dotnet\sdk\9.0.101\Microsoft.Common.CurrentVersion.targets(2413,5): warning MSB3277:             C:\Users\MSI - GF63\.nuget\packages\communitytoolkit.maui.core\11.0.0\lib\net9.0-windows10.0.19041\CommunityToolkit.Maui.Core.dll [C:\Concertbookingapp\Concert.MAUI\Concert.MAUI.csproj::TargetFramework=net9.0-windows10.0.19041.0]
C:\Program Files\dotnet\sdk\9.0.101\Microsoft.Common.CurrentVersion.targets(2413,5): warning MSB3277:             C:\Users\MSI - GF63\.nuget\packages\communitytoolkit.maui\11.0.0\lib\net9.0-windows10.0.19041\CommunityToolkit.Maui.dll [C:\Concertbookingapp\Concert.MAUI\Concert.MAUI.csproj::TargetFramework=net9.0-windows10.0.19041.0]
C:\Program Files\dotnet\sdk\9.0.101\Microsoft.Common.CurrentVersion.targets(2413,5): warning MSB3277:             C:\Users\MSI - GF63\.nuget\packages\microsoft.maui.controls.core\9.0.40\lib\net9.0-windows10.0.19041\Microsoft.Maui.Controls.dll [C:\Concertbookingapp\Concert.MAUI\Concert.MAUI.csproj::TargetFramework=net9.0-windows10.0.19041.0]
C:\Program Files\dotnet\sdk\9.0.101\Microsoft.Common.CurrentVersion.targets(2413,5): warning MSB3277:             C:\Users\MSI - GF63\.nuget\packages\microsoft.maui.controls.xaml\9.0.40\lib\net9.0-windows10.0.19041\Microsoft.Maui.Controls.Xaml.dll [C:\Concertbookingapp\Concert.MAUI\Concert.MAUI.csproj::TargetFramework=net9.0-windows10.0.19041.0]
C:\Program Files\dotnet\sdk\9.0.101\Microsoft.Common.CurrentVersion.targets(2413,5): warning MSB3277:             C:\Users\MSI - GF63\.nuget\packages\microsoft.maui.core\9.0.40\lib\net9.0-windows10.0.19041\Microsoft.Maui.dll [C:\Concertbookingapp\Concert.MAUI\Concert.MAUI.csproj::TargetFramework=net9.0-windows10.0.19041.0]
C:\Program Files\dotnet\sdk\9.0.101\Microsoft.Common.CurrentVersion.targets(2413,5): warning MSB3277:         C:\Users\MSI - GF63\.nuget\packages\microsoft.windowsappsdk\1.6.250108002\lib\net6.0-windows10.0.18362.0\Microsoft.InteractiveExperiences.Projection.dll [C:\Concertbookingapp\Concert.MAUI\Concert.MAUI.csproj::TargetFramework=net9.0-windows10.0.19041.0]
C:\Program Files\dotnet\sdk\9.0.101\Microsoft.Common.CurrentVersion.targets(2413,5): warning MSB3277:           Project file item includes which caused reference "C:\Users\MSI - GF63\.nuget\packages\microsoft.windowsappsdk\1.6.250108002\lib\net6.0-windows10.0.18362.0\Microsoft.InteractiveExperiences.Projection.dll". [C:\Concertbookingapp\Concert.MAUI\Concert.MAUI.csproj::TargetFramework=net9.0-windows10.0.19041.0]
C:\Program Files\dotnet\sdk\9.0.101\Microsoft.Common.CurrentVersion.targets(2413,5): warning MSB3277:             C:\Users\MSI - GF63\.nuget\packages\microsoft.windowsappsdk\1.6.250108002\lib\net6.0-windows10.0.18362.0\Microsoft.InteractiveExperiences.Projection.dll [C:\Concertbookingapp\Concert.MAUI\Concert.MAUI.csproj::TargetFramework=net9.0-windows10.0.19041.0]
C:\Program Files\dotnet\sdk\9.0.101\Microsoft.Common.CurrentVersion.targets(2413,5): warning MSB3277:             C:\Users\MSI - GF63\.nuget\packages\communitytoolkit.maui\11.0.0\lib\net9.0-windows10.0.19041\CommunityToolkit.Maui.dll [C:\Concertbookingapp\Concert.MAUI\Concert.MAUI.csproj::TargetFramework=net9.0-windows10.0.19041.0]
C:\Program Files\dotnet\sdk\9.0.101\Microsoft.Common.CurrentVersion.targets(2413,5): warning MSB3277:             C:\Users\MSI - GF63\.nuget\packages\communitytoolkit.maui.core\11.0.0\lib\net9.0-windows10.0.19041\CommunityToolkit.Maui.Core.dll [C:\Concertbookingapp\Concert.MAUI\Concert.MAUI.csproj::TargetFramework=net9.0-windows10.0.19041.0]
C:\Program Files\dotnet\sdk\9.0.101\Microsoft.Common.CurrentVersion.targets(2413,5): warning MSB3277:             C:\Users\MSI - GF63\.nuget\packages\microsoft.graphics.win2d\1.2.0\lib\net6.0-windows10.0.19041.0\Microsoft.Graphics.Canvas.Interop.dll [C:\Concertbookingapp\Concert.MAUI\Concert.MAUI.csproj::TargetFramework=net9.0-windows10.0.19041.0]
C:\Program Files\dotnet\sdk\9.0.101\Microsoft.Common.CurrentVersion.targets(2413,5): warning MSB3277:             C:\Users\MSI - GF63\.nuget\packages\microsoft.maui.controls.core\9.0.40\lib\net9.0-windows10.0.19041\Microsoft.Maui.Controls.dll [C:\Concertbookingapp\Concert.MAUI\Concert.MAUI.csproj::TargetFramework=net9.0-windows10.0.19041.0]
C:\Program Files\dotnet\sdk\9.0.101\Microsoft.Common.CurrentVersion.targets(2413,5): warning MSB3277:             C:\Users\MSI - GF63\.nuget\packages\microsoft.maui.controls.xaml\9.0.40\lib\net9.0-windows10.0.19041\Microsoft.Maui.Controls.Xaml.dll [C:\Concertbookingapp\Concert.MAUI\Concert.MAUI.csproj::TargetFramework=net9.0-windows10.0.19041.0]
C:\Program Files\dotnet\sdk\9.0.101\Microsoft.Common.CurrentVersion.targets(2413,5): warning MSB3277:             C:\Users\MSI - GF63\.nuget\packages\microsoft.maui.core\9.0.40\lib\net9.0-windows10.0.19041\Microsoft.Maui.dll [C:\Concertbookingapp\Concert.MAUI\Concert.MAUI.csproj::TargetFramework=net9.0-windows10.0.19041.0]
C:\Program Files\dotnet\sdk\9.0.101\Microsoft.Common.CurrentVersion.targets(2413,5): warning MSB3277:             C:\Users\MSI - GF63\.nuget\packages\microsoft.maui.essentials\9.0.40\lib\net9.0-windows10.0.19041\Microsoft.Maui.Essentials.dll [C:\Concertbookingapp\Concert.MAUI\Concert.MAUI.csproj::TargetFramework=net9.0-windows10.0.19041.0]
C:\Program Files\dotnet\sdk\9.0.101\Microsoft.Common.CurrentVersion.targets(2413,5): warning MSB3277:             C:\Users\MSI - GF63\.nuget\packages\microsoft.maui.graphics\9.0.40\lib\net9.0-windows10.0.19041\Microsoft.Maui.Graphics.dll [C:\Concertbookingapp\Concert.MAUI\Concert.MAUI.csproj::TargetFramework=net9.0-windows10.0.19041.0]
C:\Program Files\dotnet\sdk\9.0.101\Microsoft.Common.CurrentVersion.targets(2413,5): warning MSB3277:             C:\Users\MSI - GF63\.nuget\packages\microsoft.maui.graphics.win2d.winui.desktop\9.0.40\lib\net9.0-windows10.0.19041\Microsoft.Maui.Graphics.Win2D.WinUI.Desktop.dll [C:\Concertbookingapp\Concert.MAUI\Concert.MAUI.csproj::TargetFramework=net9.0-windows10.0.19041.0]
C:\Program Files\dotnet\sdk\9.0.101\Microsoft.Common.CurrentVersion.targets(2413,5): warning MSB3277:             C:\Users\MSI - GF63\.nuget\packages\microsoft.windowsappsdk\1.6.250108002\lib\net6.0-windows10.0.18362.0\Microsoft.WinUI.dll [C:\Concertbookingapp\Concert.MAUI\Concert.MAUI.csproj::TargetFramework=net9.0-windows10.0.19041.0]
C:\Program Files\dotnet\sdk\9.0.101\Microsoft.Common.CurrentVersion.targets(2413,5): warning MSB3277:         C:\Users\MSI - GF63\.nuget\packages\microsoft.windowsappsdk\1.6.250108002\lib\net6.0-windows10.0.18362.0\Microsoft.WinUI.dll [C:\Concertbookingapp\Concert.MAUI\Concert.MAUI.csproj::TargetFramework=net9.0-windows10.0.19041.0]
C:\Program Files\dotnet\sdk\9.0.101\Microsoft.Common.CurrentVersion.targets(2413,5): warning MSB3277:           Project file item includes which caused reference "C:\Users\MSI - GF63\.nuget\packages\microsoft.windowsappsdk\1.6.250108002\lib\net6.0-windows10.0.18362.0\Microsoft.WinUI.dll". [C:\Concertbookingapp\Concert.MAUI\Concert.MAUI.csproj::TargetFramework=net9.0-windows10.0.19041.0]
C:\Program Files\dotnet\sdk\9.0.101\Microsoft.Common.CurrentVersion.targets(2413,5): warning MSB3277:             C:\Users\MSI - GF63\.nuget\packages\microsoft.windowsappsdk\1.6.250108002\lib\net6.0-windows10.0.18362.0\Microsoft.WinUI.dll [C:\Concertbookingapp\Concert.MAUI\Concert.MAUI.csproj::TargetFramework=net9.0-windows10.0.19041.0]
C:\Program Files\dotnet\sdk\9.0.101\Microsoft.Common.CurrentVersion.targets(2413,5): warning MSB3277:             C:\Users\MSI - GF63\.nuget\packages\communitytoolkit.maui\11.0.0\lib\net9.0-windows10.0.19041\CommunityToolkit.Maui.dll [C:\Concertbookingapp\Concert.MAUI\Concert.MAUI.csproj::TargetFramework=net9.0-windows10.0.19041.0]
C:\Program Files\dotnet\sdk\9.0.101\Microsoft.Common.CurrentVersion.targets(2413,5): warning MSB3277:             C:\Users\MSI - GF63\.nuget\packages\communitytoolkit.maui.core\11.0.0\lib\net9.0-windows10.0.19041\CommunityToolkit.Maui.Core.dll [C:\Concertbookingapp\Concert.MAUI\Concert.MAUI.csproj::TargetFramework=net9.0-windows10.0.19041.0]
C:\Program Files\dotnet\sdk\9.0.101\Microsoft.Common.CurrentVersion.targets(2413,5): warning MSB3277:             C:\Users\MSI - GF63\.nuget\packages\microsoft.graphics.win2d\1.2.0\lib\net6.0-windows10.0.19041.0\Microsoft.Graphics.Canvas.Interop.dll [C:\Concertbookingapp\Concert.MAUI\Concert.MAUI.csproj::TargetFramework=net9.0-windows10.0.19041.0]
C:\Program Files\dotnet\sdk\9.0.101\Microsoft.Common.CurrentVersion.targets(2413,5): warning MSB3277:             C:\Users\MSI - GF63\.nuget\packages\microsoft.maui.controls.core\9.0.40\lib\net9.0-windows10.0.19041\Microsoft.Maui.Controls.dll [C:\Concertbookingapp\Concert.MAUI\Concert.MAUI.csproj::TargetFramework=net9.0-windows10.0.19041.0]
C:\Program Files\dotnet\sdk\9.0.101\Microsoft.Common.CurrentVersion.targets(2413,5): warning MSB3277:             C:\Users\MSI - GF63\.nuget\packages\microsoft.maui.controls.xaml\9.0.40\lib\net9.0-windows10.0.19041\Microsoft.Maui.Controls.Xaml.dll [C:\Concertbookingapp\Concert.MAUI\Concert.MAUI.csproj::TargetFramework=net9.0-windows10.0.19041.0]
C:\Program Files\dotnet\sdk\9.0.101\Microsoft.Common.CurrentVersion.targets(2413,5): warning MSB3277:             C:\Users\MSI - GF63\.nuget\packages\microsoft.maui.core\9.0.40\lib\net9.0-windows10.0.19041\Microsoft.Maui.dll [C:\Concertbookingapp\Concert.MAUI\Concert.MAUI.csproj::TargetFramework=net9.0-windows10.0.19041.0]
C:\Program Files\dotnet\sdk\9.0.101\Microsoft.Common.CurrentVersion.targets(2413,5): warning MSB3277:             C:\Users\MSI - GF63\.nuget\packages\microsoft.maui.essentials\9.0.40\lib\net9.0-windows10.0.19041\Microsoft.Maui.Essentials.dll [C:\Concertbookingapp\Concert.MAUI\Concert.MAUI.csproj::TargetFramework=net9.0-windows10.0.19041.0]
C:\Program Files\dotnet\sdk\9.0.101\Microsoft.Common.CurrentVersion.targets(2413,5): warning MSB3277:             C:\Users\MSI - GF63\.nuget\packages\microsoft.maui.graphics\9.0.40\lib\net9.0-windows10.0.19041\Microsoft.Maui.Graphics.dll [C:\Concertbookingapp\Concert.MAUI\Concert.MAUI.csproj::TargetFramework=net9.0-windows10.0.19041.0]
C:\Program Files\dotnet\sdk\9.0.101\Microsoft.Common.CurrentVersion.targets(2413,5): warning MSB3277:             C:\Users\MSI - GF63\.nuget\packages\microsoft.maui.graphics.win2d.winui.desktop\9.0.40\lib\net9.0-windows10.0.19041\Microsoft.Maui.Graphics.Win2D.WinUI.Desktop.dll [C:\Concertbookingapp\Concert.MAUI\Concert.MAUI.csproj::TargetFramework=net9.0-windows10.0.19041.0]
C:\Program Files\dotnet\sdk\9.0.101\Microsoft.Common.CurrentVersion.targets(2413,5): warning MSB3277:         C:\Users\MSI - GF63\.nuget\packages\microsoft.windowsappsdk\1.6.250108002\lib\net6.0-windows10.0.18362.0\Microsoft.Windows.AppLifecycle.Projection.dll [C:\Concertbookingapp\Concert.MAUI\Concert.MAUI.csproj::TargetFramework=net9.0-windows10.0.19041.0]
C:\Program Files\dotnet\sdk\9.0.101\Microsoft.Common.CurrentVersion.targets(2413,5): warning MSB3277:           Project file item includes which caused reference "C:\Users\MSI - GF63\.nuget\packages\microsoft.windowsappsdk\1.6.250108002\lib\net6.0-windows10.0.18362.0\Microsoft.Windows.AppLifecycle.Projection.dll". [C:\Concertbookingapp\Concert.MAUI\Concert.MAUI.csproj::TargetFramework=net9.0-windows10.0.19041.0]
C:\Program Files\dotnet\sdk\9.0.101\Microsoft.Common.CurrentVersion.targets(2413,5): warning MSB3277:             C:\Users\MSI - GF63\.nuget\packages\microsoft.windowsappsdk\1.6.250108002\lib\net6.0-windows10.0.18362.0\Microsoft.Windows.AppLifecycle.Projection.dll [C:\Concertbookingapp\Concert.MAUI\Concert.MAUI.csproj::TargetFramework=net9.0-windows10.0.19041.0]
C:\Program Files\dotnet\sdk\9.0.101\Microsoft.Common.CurrentVersion.targets(2413,5): warning MSB3277:         C:\Users\MSI - GF63\.nuget\packages\microsoft.windowsappsdk\1.6.250108002\lib\net6.0-windows10.0.18362.0\Microsoft.Windows.AppNotifications.Builder.Projection.dll [C:\Concertbookingapp\Concert.MAUI\Concert.MAUI.csproj::TargetFramework=net9.0-windows10.0.19041.0]
C:\Program Files\dotnet\sdk\9.0.101\Microsoft.Common.CurrentVersion.targets(2413,5): warning MSB3277:           Project file item includes which caused reference "C:\Users\MSI - GF63\.nuget\packages\microsoft.windowsappsdk\1.6.250108002\lib\net6.0-windows10.0.18362.0\Microsoft.Windows.AppNotifications.Builder.Projection.dll". [C:\Concertbookingapp\Concert.MAUI\Concert.MAUI.csproj::TargetFramework=net9.0-windows10.0.19041.0]
C:\Program Files\dotnet\sdk\9.0.101\Microsoft.Common.CurrentVersion.targets(2413,5): warning MSB3277:             C:\Users\MSI - GF63\.nuget\packages\microsoft.windowsappsdk\1.6.250108002\lib\net6.0-windows10.0.18362.0\Microsoft.Windows.AppNotifications.Builder.Projection.dll [C:\Concertbookingapp\Concert.MAUI\Concert.MAUI.csproj::TargetFramework=net9.0-windows10.0.19041.0]
C:\Program Files\dotnet\sdk\9.0.101\Microsoft.Common.CurrentVersion.targets(2413,5): warning MSB3277:             C:\Users\MSI - GF63\.nuget\packages\communitytoolkit.maui\11.0.0\lib\net9.0-windows10.0.19041\CommunityToolkit.Maui.dll [C:\Concertbookingapp\Concert.MAUI\Concert.MAUI.csproj::TargetFramework=net9.0-windows10.0.19041.0]
C:\Program Files\dotnet\sdk\9.0.101\Microsoft.Common.CurrentVersion.targets(2413,5): warning MSB3277:         C:\Users\MSI - GF63\.nuget\packages\microsoft.windowsappsdk\1.6.250108002\lib\net6.0-windows10.0.18362.0\Microsoft.Windows.AppNotifications.Projection.dll [C:\Concertbookingapp\Concert.MAUI\Concert.MAUI.csproj::TargetFramework=net9.0-windows10.0.19041.0]
C:\Program Files\dotnet\sdk\9.0.101\Microsoft.Common.CurrentVersion.targets(2413,5): warning MSB3277:           Project file item includes which caused reference "C:\Users\MSI - GF63\.nuget\packages\microsoft.windowsappsdk\1.6.250108002\lib\net6.0-windows10.0.18362.0\Microsoft.Windows.AppNotifications.Projection.dll". [C:\Concertbookingapp\Concert.MAUI\Concert.MAUI.csproj::TargetFramework=net9.0-windows10.0.19041.0]
C:\Program Files\dotnet\sdk\9.0.101\Microsoft.Common.CurrentVersion.targets(2413,5): warning MSB3277:             C:\Users\MSI - GF63\.nuget\packages\microsoft.windowsappsdk\1.6.250108002\lib\net6.0-windows10.0.18362.0\Microsoft.Windows.AppNotifications.Projection.dll [C:\Concertbookingapp\Concert.MAUI\Concert.MAUI.csproj::TargetFramework=net9.0-windows10.0.19041.0]
C:\Program Files\dotnet\sdk\9.0.101\Microsoft.Common.CurrentVersion.targets(2413,5): warning MSB3277:             C:\Users\MSI - GF63\.nuget\packages\communitytoolkit.maui\11.0.0\lib\net9.0-windows10.0.19041\CommunityToolkit.Maui.dll [C:\Concertbookingapp\Concert.MAUI\Concert.MAUI.csproj::TargetFramework=net9.0-windows10.0.19041.0]
C:\Program Files\dotnet\sdk\9.0.101\Microsoft.Common.CurrentVersion.targets(2413,5): warning MSB3277:             C:\Users\MSI - GF63\.nuget\packages\microsoft.windowsappsdk\1.6.250108002\lib\net6.0-windows10.0.18362.0\Microsoft.Windows.AppNotifications.Builder.Projection.dll [C:\Concertbookingapp\Concert.MAUI\Concert.MAUI.csproj::TargetFramework=net9.0-windows10.0.19041.0]
C:\Program Files\dotnet\sdk\9.0.101\Microsoft.Common.CurrentVersion.targets(2413,5): warning MSB3277:         C:\Users\MSI - GF63\.nuget\packages\microsoft.windowsappsdk\1.6.250108002\lib\net6.0-windows10.0.18362.0\Microsoft.Windows.ApplicationModel.DynamicDependency.Projection.dll [C:\Concertbookingapp\Concert.MAUI\Concert.MAUI.csproj::TargetFramework=net9.0-windows10.0.19041.0]
C:\Program Files\dotnet\sdk\9.0.101\Microsoft.Common.CurrentVersion.targets(2413,5): warning MSB3277:           Project file item includes which caused reference "C:\Users\MSI - GF63\.nuget\packages\microsoft.windowsappsdk\1.6.250108002\lib\net6.0-windows10.0.18362.0\Microsoft.Windows.ApplicationModel.DynamicDependency.Projection.dll". [C:\Concertbookingapp\Concert.MAUI\Concert.MAUI.csproj::TargetFramework=net9.0-windows10.0.19041.0]
C:\Program Files\dotnet\sdk\9.0.101\Microsoft.Common.CurrentVersion.targets(2413,5): warning MSB3277:             C:\Users\MSI - GF63\.nuget\packages\microsoft.windowsappsdk\1.6.250108002\lib\net6.0-windows10.0.18362.0\Microsoft.Windows.ApplicationModel.DynamicDependency.Projection.dll [C:\Concertbookingapp\Concert.MAUI\Concert.MAUI.csproj::TargetFramework=net9.0-windows10.0.19041.0]
C:\Program Files\dotnet\sdk\9.0.101\Microsoft.Common.CurrentVersion.targets(2413,5): warning MSB3277:             C:\Users\MSI - GF63\.nuget\packages\microsoft.windowsappsdk\1.6.250108002\lib\net6.0-windows10.0.18362.0\Microsoft.Windows.Management.Deployment.Projection.dll [C:\Concertbookingapp\Concert.MAUI\Concert.MAUI.csproj::TargetFramework=net9.0-windows10.0.19041.0]
C:\Program Files\dotnet\sdk\9.0.101\Microsoft.Common.CurrentVersion.targets(2413,5): warning MSB3277:         C:\Users\MSI - GF63\.nuget\packages\microsoft.windowsappsdk\1.6.250108002\lib\net6.0-windows10.0.18362.0\Microsoft.Windows.ApplicationModel.Resources.Projection.dll [C:\Concertbookingapp\Concert.MAUI\Concert.MAUI.csproj::TargetFramework=net9.0-windows10.0.19041.0]
C:\Program Files\dotnet\sdk\9.0.101\Microsoft.Common.CurrentVersion.targets(2413,5): warning MSB3277:           Project file item includes which caused reference "C:\Users\MSI - GF63\.nuget\packages\microsoft.windowsappsdk\1.6.250108002\lib\net6.0-windows10.0.18362.0\Microsoft.Windows.ApplicationModel.Resources.Projection.dll". [C:\Concertbookingapp\Concert.MAUI\Concert.MAUI.csproj::TargetFramework=net9.0-windows10.0.19041.0]
C:\Program Files\dotnet\sdk\9.0.101\Microsoft.Common.CurrentVersion.targets(2413,5): warning MSB3277:             C:\Users\MSI - GF63\.nuget\packages\microsoft.windowsappsdk\1.6.250108002\lib\net6.0-windows10.0.18362.0\Microsoft.Windows.ApplicationModel.Resources.Projection.dll [C:\Concertbookingapp\Concert.MAUI\Concert.MAUI.csproj::TargetFramework=net9.0-windows10.0.19041.0]
C:\Program Files\dotnet\sdk\9.0.101\Microsoft.Common.CurrentVersion.targets(2413,5): warning MSB3277:             C:\Users\MSI - GF63\.nuget\packages\microsoft.windowsappsdk\1.6.250108002\lib\net6.0-windows10.0.18362.0\Microsoft.WinUI.dll [C:\Concertbookingapp\Concert.MAUI\Concert.MAUI.csproj::TargetFramework=net9.0-windows10.0.19041.0]
C:\Program Files\dotnet\sdk\9.0.101\Microsoft.Common.CurrentVersion.targets(2413,5): warning MSB3277:             C:\Users\MSI - GF63\.nuget\packages\communitytoolkit.maui\11.0.0\lib\net9.0-windows10.0.19041\CommunityToolkit.Maui.dll [C:\Concertbookingapp\Concert.MAUI\Concert.MAUI.csproj::TargetFramework=net9.0-windows10.0.19041.0]
C:\Program Files\dotnet\sdk\9.0.101\Microsoft.Common.CurrentVersion.targets(2413,5): warning MSB3277:             C:\Users\MSI - GF63\.nuget\packages\communitytoolkit.maui.core\11.0.0\lib\net9.0-windows10.0.19041\CommunityToolkit.Maui.Core.dll [C:\Concertbookingapp\Concert.MAUI\Concert.MAUI.csproj::TargetFramework=net9.0-windows10.0.19041.0]
C:\Program Files\dotnet\sdk\9.0.101\Microsoft.Common.CurrentVersion.targets(2413,5): warning MSB3277:             C:\Users\MSI - GF63\.nuget\packages\microsoft.graphics.win2d\1.2.0\lib\net6.0-windows10.0.19041.0\Microsoft.Graphics.Canvas.Interop.dll [C:\Concertbookingapp\Concert.MAUI\Concert.MAUI.csproj::TargetFramework=net9.0-windows10.0.19041.0]
C:\Program Files\dotnet\sdk\9.0.101\Microsoft.Common.CurrentVersion.targets(2413,5): warning MSB3277:             C:\Users\MSI - GF63\.nuget\packages\microsoft.maui.controls.core\9.0.40\lib\net9.0-windows10.0.19041\Microsoft.Maui.Controls.dll [C:\Concertbookingapp\Concert.MAUI\Concert.MAUI.csproj::TargetFramework=net9.0-windows10.0.19041.0]
C:\Program Files\dotnet\sdk\9.0.101\Microsoft.Common.CurrentVersion.targets(2413,5): warning MSB3277:             C:\Users\MSI - GF63\.nuget\packages\microsoft.maui.controls.xaml\9.0.40\lib\net9.0-windows10.0.19041\Microsoft.Maui.Controls.Xaml.dll [C:\Concertbookingapp\Concert.MAUI\Concert.MAUI.csproj::TargetFramework=net9.0-windows10.0.19041.0]
C:\Program Files\dotnet\sdk\9.0.101\Microsoft.Common.CurrentVersion.targets(2413,5): warning MSB3277:             C:\Users\MSI - GF63\.nuget\packages\microsoft.maui.core\9.0.40\lib\net9.0-windows10.0.19041\Microsoft.Maui.dll [C:\Concertbookingapp\Concert.MAUI\Concert.MAUI.csproj::TargetFramework=net9.0-windows10.0.19041.0]
C:\Program Files\dotnet\sdk\9.0.101\Microsoft.Common.CurrentVersion.targets(2413,5): warning MSB3277:             C:\Users\MSI - GF63\.nuget\packages\microsoft.maui.essentials\9.0.40\lib\net9.0-windows10.0.19041\Microsoft.Maui.Essentials.dll [C:\Concertbookingapp\Concert.MAUI\Concert.MAUI.csproj::TargetFramework=net9.0-windows10.0.19041.0]
C:\Program Files\dotnet\sdk\9.0.101\Microsoft.Common.CurrentVersion.targets(2413,5): warning MSB3277:             C:\Users\MSI - GF63\.nuget\packages\microsoft.maui.graphics\9.0.40\lib\net9.0-windows10.0.19041\Microsoft.Maui.Graphics.dll [C:\Concertbookingapp\Concert.MAUI\Concert.MAUI.csproj::TargetFramework=net9.0-windows10.0.19041.0]
C:\Program Files\dotnet\sdk\9.0.101\Microsoft.Common.CurrentVersion.targets(2413,5): warning MSB3277:             C:\Users\MSI - GF63\.nuget\packages\microsoft.maui.graphics.win2d.winui.desktop\9.0.40\lib\net9.0-windows10.0.19041\Microsoft.Maui.Graphics.Win2D.WinUI.Desktop.dll [C:\Concertbookingapp\Concert.MAUI\Concert.MAUI.csproj::TargetFramework=net9.0-windows10.0.19041.0]
C:\Program Files\dotnet\sdk\9.0.101\Microsoft.Common.CurrentVersion.targets(2413,5): warning MSB3277:         C:\Users\MSI - GF63\.nuget\packages\microsoft.windowsappsdk\1.6.250108002\lib\net6.0-windows10.0.18362.0\Microsoft.Windows.ApplicationModel.WindowsAppRuntime.Projection.dll [C:\Concertbookingapp\Concert.MAUI\Concert.MAUI.csproj::TargetFramework=net9.0-windows10.0.19041.0]
C:\Program Files\dotnet\sdk\9.0.101\Microsoft.Common.CurrentVersion.targets(2413,5): warning MSB3277:           Project file item includes which caused reference "C:\Users\MSI - GF63\.nuget\packages\microsoft.windowsappsdk\1.6.250108002\lib\net6.0-windows10.0.18362.0\Microsoft.Windows.ApplicationModel.WindowsAppRuntime.Projection.dll". [C:\Concertbookingapp\Concert.MAUI\Concert.MAUI.csproj::TargetFramework=net9.0-windows10.0.19041.0]
C:\Program Files\dotnet\sdk\9.0.101\Microsoft.Common.CurrentVersion.targets(2413,5): warning MSB3277:             C:\Users\MSI - GF63\.nuget\packages\microsoft.windowsappsdk\1.6.250108002\lib\net6.0-windows10.0.18362.0\Microsoft.Windows.ApplicationModel.WindowsAppRuntime.Projection.dll [C:\Concertbookingapp\Concert.MAUI\Concert.MAUI.csproj::TargetFramework=net9.0-windows10.0.19041.0]
C:\Program Files\dotnet\sdk\9.0.101\Microsoft.Common.CurrentVersion.targets(2413,5): warning MSB3277:         C:\Users\MSI - GF63\.nuget\packages\microsoft.windowsappsdk\1.6.250108002\lib\net6.0-windows10.0.18362.0\Microsoft.Windows.Management.Deployment.Projection.dll [C:\Concertbookingapp\Concert.MAUI\Concert.MAUI.csproj::TargetFramework=net9.0-windows10.0.19041.0]
C:\Program Files\dotnet\sdk\9.0.101\Microsoft.Common.CurrentVersion.targets(2413,5): warning MSB3277:           Project file item includes which caused reference "C:\Users\MSI - GF63\.nuget\packages\microsoft.windowsappsdk\1.6.250108002\lib\net6.0-windows10.0.18362.0\Microsoft.Windows.Management.Deployment.Projection.dll". [C:\Concertbookingapp\Concert.MAUI\Concert.MAUI.csproj::TargetFramework=net9.0-windows10.0.19041.0]
C:\Program Files\dotnet\sdk\9.0.101\Microsoft.Common.CurrentVersion.targets(2413,5): warning MSB3277:             C:\Users\MSI - GF63\.nuget\packages\microsoft.windowsappsdk\1.6.250108002\lib\net6.0-windows10.0.18362.0\Microsoft.Windows.Management.Deployment.Projection.dll [C:\Concertbookingapp\Concert.MAUI\Concert.MAUI.csproj::TargetFramework=net9.0-windows10.0.19041.0]
C:\Program Files\dotnet\sdk\9.0.101\Microsoft.Common.CurrentVersion.targets(2413,5): warning MSB3277:         C:\Users\MSI - GF63\.nuget\packages\microsoft.windowsappsdk\1.6.250108002\lib\net6.0-windows10.0.18362.0\Microsoft.Windows.PushNotifications.Projection.dll [C:\Concertbookingapp\Concert.MAUI\Concert.MAUI.csproj::TargetFramework=net9.0-windows10.0.19041.0]
C:\Program Files\dotnet\sdk\9.0.101\Microsoft.Common.CurrentVersion.targets(2413,5): warning MSB3277:           Project file item includes which caused reference "C:\Users\MSI - GF63\.nuget\packages\microsoft.windowsappsdk\1.6.250108002\lib\net6.0-windows10.0.18362.0\Microsoft.Windows.PushNotifications.Projection.dll". [C:\Concertbookingapp\Concert.MAUI\Concert.MAUI.csproj::TargetFramework=net9.0-windows10.0.19041.0]
C:\Program Files\dotnet\sdk\9.0.101\Microsoft.Common.CurrentVersion.targets(2413,5): warning MSB3277:             C:\Users\MSI - GF63\.nuget\packages\microsoft.windowsappsdk\1.6.250108002\lib\net6.0-windows10.0.18362.0\Microsoft.Windows.PushNotifications.Projection.dll [C:\Concertbookingapp\Concert.MAUI\Concert.MAUI.csproj::TargetFramework=net9.0-windows10.0.19041.0]
C:\Program Files\dotnet\sdk\9.0.101\Microsoft.Common.CurrentVersion.targets(2413,5): warning MSB3277:         C:\Users\MSI - GF63\.nuget\packages\microsoft.windowsappsdk\1.6.250108002\lib\net6.0-windows10.0.18362.0\Microsoft.Windows.Security.AccessControl.Projection.dll [C:\Concertbookingapp\Concert.MAUI\Concert.MAUI.csproj::TargetFramework=net9.0-windows10.0.19041.0]
C:\Program Files\dotnet\sdk\9.0.101\Microsoft.Common.CurrentVersion.targets(2413,5): warning MSB3277:           Project file item includes which caused reference "C:\Users\MSI - GF63\.nuget\packages\microsoft.windowsappsdk\1.6.250108002\lib\net6.0-windows10.0.18362.0\Microsoft.Windows.Security.AccessControl.Projection.dll". [C:\Concertbookingapp\Concert.MAUI\Concert.MAUI.csproj::TargetFramework=net9.0-windows10.0.19041.0]
C:\Program Files\dotnet\sdk\9.0.101\Microsoft.Common.CurrentVersion.targets(2413,5): warning MSB3277:             C:\Users\MSI - GF63\.nuget\packages\microsoft.windowsappsdk\1.6.250108002\lib\net6.0-windows10.0.18362.0\Microsoft.Windows.Security.AccessControl.Projection.dll [C:\Concertbookingapp\Concert.MAUI\Concert.MAUI.csproj::TargetFramework=net9.0-windows10.0.19041.0]
C:\Program Files\dotnet\sdk\9.0.101\Microsoft.Common.CurrentVersion.targets(2413,5): warning MSB3277:         C:\Users\MSI - GF63\.nuget\packages\microsoft.windowsappsdk\1.6.250108002\lib\net6.0-windows10.0.18362.0\Microsoft.Windows.Storage.Projection.dll [C:\Concertbookingapp\Concert.MAUI\Concert.MAUI.csproj::TargetFramework=net9.0-windows10.0.19041.0]
C:\Program Files\dotnet\sdk\9.0.101\Microsoft.Common.CurrentVersion.targets(2413,5): warning MSB3277:           Project file item includes which caused reference "C:\Users\MSI - GF63\.nuget\packages\microsoft.windowsappsdk\1.6.250108002\lib\net6.0-windows10.0.18362.0\Microsoft.Windows.Storage.Projection.dll". [C:\Concertbookingapp\Concert.MAUI\Concert.MAUI.csproj::TargetFramework=net9.0-windows10.0.19041.0]
C:\Program Files\dotnet\sdk\9.0.101\Microsoft.Common.CurrentVersion.targets(2413,5): warning MSB3277:             C:\Users\MSI - GF63\.nuget\packages\microsoft.windowsappsdk\1.6.250108002\lib\net6.0-windows10.0.18362.0\Microsoft.Windows.Storage.Projection.dll [C:\Concertbookingapp\Concert.MAUI\Concert.MAUI.csproj::TargetFramework=net9.0-windows10.0.19041.0]
C:\Program Files\dotnet\sdk\9.0.101\Microsoft.Common.CurrentVersion.targets(2413,5): warning MSB3277:         C:\Users\MSI - GF63\.nuget\packages\microsoft.windowsappsdk\1.6.250108002\lib\net6.0-windows10.0.18362.0\Microsoft.Windows.System.Power.Projection.dll [C:\Concertbookingapp\Concert.MAUI\Concert.MAUI.csproj::TargetFramework=net9.0-windows10.0.19041.0]
C:\Program Files\dotnet\sdk\9.0.101\Microsoft.Common.CurrentVersion.targets(2413,5): warning MSB3277:           Project file item includes which caused reference "C:\Users\MSI - GF63\.nuget\packages\microsoft.windowsappsdk\1.6.250108002\lib\net6.0-windows10.0.18362.0\Microsoft.Windows.System.Power.Projection.dll". [C:\Concertbookingapp\Concert.MAUI\Concert.MAUI.csproj::TargetFramework=net9.0-windows10.0.19041.0]
C:\Program Files\dotnet\sdk\9.0.101\Microsoft.Common.CurrentVersion.targets(2413,5): warning MSB3277:             C:\Users\MSI - GF63\.nuget\packages\microsoft.windowsappsdk\1.6.250108002\lib\net6.0-windows10.0.18362.0\Microsoft.Windows.System.Power.Projection.dll [C:\Concertbookingapp\Concert.MAUI\Concert.MAUI.csproj::TargetFramework=net9.0-windows10.0.19041.0]
C:\Program Files\dotnet\sdk\9.0.101\Microsoft.Common.CurrentVersion.targets(2413,5): warning MSB3277:         C:\Users\MSI - GF63\.nuget\packages\microsoft.windowsappsdk\1.6.250108002\lib\net6.0-windows10.0.18362.0\Microsoft.Windows.System.Projection.dll [C:\Concertbookingapp\Concert.MAUI\Concert.MAUI.csproj::TargetFramework=net9.0-windows10.0.19041.0]
C:\Program Files\dotnet\sdk\9.0.101\Microsoft.Common.CurrentVersion.targets(2413,5): warning MSB3277:           Project file item includes which caused reference "C:\Users\MSI - GF63\.nuget\packages\microsoft.windowsappsdk\1.6.250108002\lib\net6.0-windows10.0.18362.0\Microsoft.Windows.System.Projection.dll". [C:\Concertbookingapp\Concert.MAUI\Concert.MAUI.csproj::TargetFramework=net9.0-windows10.0.19041.0]
C:\Program Files\dotnet\sdk\9.0.101\Microsoft.Common.CurrentVersion.targets(2413,5): warning MSB3277:             C:\Users\MSI - GF63\.nuget\packages\microsoft.windowsappsdk\1.6.250108002\lib\net6.0-windows10.0.18362.0\Microsoft.Windows.System.Projection.dll [C:\Concertbookingapp\Concert.MAUI\Concert.MAUI.csproj::TargetFramework=net9.0-windows10.0.19041.0]
C:\Program Files\dotnet\sdk\9.0.101\Microsoft.Common.CurrentVersion.targets(2413,5): warning MSB3277:         C:\Users\MSI - GF63\.nuget\packages\microsoft.windowsappsdk\1.6.250108002\lib\net6.0-windows10.0.18362.0\Microsoft.Windows.Widgets.Projection.dll [C:\Concertbookingapp\Concert.MAUI\Concert.MAUI.csproj::TargetFramework=net9.0-windows10.0.19041.0]
C:\Program Files\dotnet\sdk\9.0.101\Microsoft.Common.CurrentVersion.targets(2413,5): warning MSB3277:           Project file item includes which caused reference "C:\Users\MSI - GF63\.nuget\packages\microsoft.windowsappsdk\1.6.250108002\lib\net6.0-windows10.0.18362.0\Microsoft.Windows.Widgets.Projection.dll". [C:\Concertbookingapp\Concert.MAUI\Concert.MAUI.csproj::TargetFramework=net9.0-windows10.0.19041.0]
C:\Program Files\dotnet\sdk\9.0.101\Microsoft.Common.CurrentVersion.targets(2413,5): warning MSB3277:             C:\Users\MSI - GF63\.nuget\packages\microsoft.windowsappsdk\1.6.250108002\lib\net6.0-windows10.0.18362.0\Microsoft.Windows.Widgets.Projection.dll [C:\Concertbookingapp\Concert.MAUI\Concert.MAUI.csproj::TargetFramework=net9.0-windows10.0.19041.0]
    1 Warning(s)
    0 Error(s)

Time Elapsed 00:00:03.55

Workload updates are available. Run `dotnet workload list` for more information.
